[     262ms] [ERROR] Failed to load resource: the server responded with a status of 404 (Not Found) @ http://localhost:3004/photos/headshots/caryn-seidman-clear.webp:0
[     295ms] [ERROR] Failed to load resource: the server responded with a status of 404 (Not Found) @ http://localhost:3004/photos/headshots/kit-garton-headshot.png:0
[     413ms] [ERROR] Failed to load resource: the server responded with a status of 404 (Not Found) @ http://localhost:3004/photos/headshots/telecom-headshot.png:0
[     414ms] [ERROR] Failed to load resource: the server responded with a status of 404 (Not Found) @ http://localhost:3004/photos/headshots/maureen-martin-weightwatchers.png:0
[     415ms] [ERROR] Failed to load resource: the server responded with a status of 404 (Not Found) @ http://localhost:3004/photos/headshots/leala-francis.png:0
[     426ms] [INFO] %cDownload the React DevTools for a better development experience: https://react.dev/link/react-devtools font-weight:bold @ http://localhost:3004/_next/static/chunks/node_modules_next_dist_115brz8._.js:2431
[     443ms] [LOG] [HMR] connected @ http://localhost:3004/_next/static/chunks/node_modules_next_dist_115brz8._.js:2431
[     544ms] [WARNING] Image with src "http://localhost:3004/product/agent-studio-table.svg" has either width or height modified, but not the other. If you use CSS to change the size of your image, also include the styles 'width: "auto"' or 'height: "auto"' to maintain the aspect ratio. @ http://localhost:3004/_next/static/chunks/node_modules_next_dist_115brz8._.js:2431
[     593ms] [WARNING] Note: Some companies are required to obtain a license to use Remotion. See: https://remotion.dev/license
Pass the `acknowledgeRemotionLicense` prop to `<Player />` function to make this message disappear. @ http://localhost:3004/_next/static/chunks/node_modules_next_dist_115brz8._.js:2431
[     887ms] [WARNING] EncodingError: The source image cannot be decoded. @ http://localhost:3004/_next/static/chunks/node_modules_next_dist_115brz8._.js:2431
[     887ms] [WARNING] EncodingError: The source image cannot be decoded. @ http://localhost:3004/_next/static/chunks/node_modules_next_dist_115brz8._.js:2431
[     887ms] [WARNING] EncodingError: The source image cannot be decoded. @ http://localhost:3004/_next/static/chunks/node_modules_next_dist_115brz8._.js:2431
[     887ms] [WARNING] EncodingError: The source image cannot be decoded. @ http://localhost:3004/_next/static/chunks/node_modules_next_dist_115brz8._.js:2431
[     887ms] [WARNING] EncodingError: The source image cannot be decoded. @ http://localhost:3004/_next/static/chunks/node_modules_next_dist_115brz8._.js:2431
[     887ms] [WARNING] EncodingError: The source image cannot be decoded. @ http://localhost:3004/_next/static/chunks/node_modules_next_dist_115brz8._.js:2431
[     887ms] [WARNING] EncodingError: The source image cannot be decoded. @ http://localhost:3004/_next/static/chunks/node_modules_next_dist_115brz8._.js:2431
[   92249ms] [LOG] [Fast Refresh] rebuilding @ http://localhost:3004/_next/static/chunks/node_modules_next_dist_115brz8._.js:2431
[   92363ms] [LOG] [Fast Refresh] done in 202ms @ http://localhost:3004/_next/static/chunks/node_modules_next_dist_115brz8._.js:2431
[  100523ms] [LOG] [Fast Refresh] rebuilding @ http://localhost:3004/_next/static/chunks/node_modules_next_dist_115brz8._.js:2431
[  100541ms] [LOG] [Fast Refresh] done in 67ms @ http://localhost:3004/_next/static/chunks/node_modules_next_dist_115brz8._.js:2431
[  123198ms] [LOG] [Fast Refresh] rebuilding @ http://localhost:3004/_next/static/chunks/node_modules_next_dist_115brz8._.js:2431
[  123238ms] [LOG] [Fast Refresh] done in 120ms @ http://localhost:3004/_next/static/chunks/node_modules_next_dist_115brz8._.js:2431
[  129701ms] [LOG] [Fast Refresh] rebuilding @ http://localhost:3004/_next/static/chunks/node_modules_next_dist_115brz8._.js:2431
[  130090ms] ReferenceError: blurRef is not defined
    at HeroSection.useEffect (http://localhost:3004/_next/static/chunks/_0k~.xd1._.js?id=%255Bproject%255D%252Fcomponents%252Fsections%252FHeroSection.tsx+%255Bapp-client%255D+%2528ecmascript%2529:490:28)
    at Object.react_stack_bottom_frame (http://localhost:3004/_next/static/chunks/node_modules_next_dist_compiled_react-dom_058-ah~._.js:15087:22)
    at runWithFiberInDEV (http://localhost:3004/_next/static/chunks/node_modules_next_dist_compiled_react-dom_058-ah~._.js:965:74)
    at commitHookEffectListMount (http://localhost:3004/_next/static/chunks/node_modules_next_dist_compiled_react-dom_058-ah~._.js:7255:167)
    at commitHookPassiveMountEffects (http://localhost:3004/_next/static/chunks/node_modules_next_dist_compiled_react-dom_058-ah~._.js:7290:60)
    at commitPassiveMountOnFiber (http://localhost:3004/_next/static/chunks/node_modules_next_dist_compiled_react-dom_058-ah~._.js:8689:33)
    at recursivelyTraversePassiveMountEffects (http://localhost:3004/_next/static/chunks/node_modules_next_dist_compiled_react-dom_058-ah~._.js:8676:316)
    at commitPassiveMountOnFiber (http://localhost:3004/_next/static/chunks/node_modules_next_dist_compiled_react-dom_058-ah~._.js:8750:17)
    at recursivelyTraversePassiveMountEffects (http://localhost:3004/_next/static/chunks/node_modules_next_dist_compiled_react-dom_058-ah~._.js:8676:316)
    at commitPassiveMountOnFiber (http://localhost:3004/_next/static/chunks/node_modules_next_dist_compiled_react-dom_058-ah~._.js:8688:17)
    at recursivelyTraversePassiveMountEffects (http://localhost:3004/_next/static/chunks/node_modules_next_dist_compiled_react-dom_058-ah~._.js:8676:316)
    at commitPassiveMountOnFiber (http://localhost:3004/_next/static/chunks/node_modules_next_dist_compiled_react-dom_058-ah~._.js:8750:17)
    at recursivelyTraversePassiveMountEffects (http://localhost:3004/_next/static/chunks/node_modules_next_dist_compiled_react-dom_058-ah~._.js:8676:316)
    at commitPassiveMountOnFiber (http://localhost:3004/_next/static/chunks/node_modules_next_dist_compiled_react-dom_058-ah~._.js:8750:17)
    at recursivelyTraversePassiveMountEffects (http://localhost:3004/_next/static/chunks/node_modules_next_dist_compiled_react-dom_058-ah~._.js:8676:316)
    at commitPassiveMountOnFiber (http://localhost:3004/_next/static/chunks/node_modules_next_dist_compiled_react-dom_058-ah~._.js:8688:17)
    at recursivelyTraversePassiveMountEffects (http://localhost:3004/_next/static/chunks/node_modules_next_dist_compiled_react-dom_058-ah~._.js:8676:316)
    at commitPassiveMountOnFiber (http://localhost:3004/_next/static/chunks/node_modules_next_dist_compiled_react-dom_058-ah~._.js:8693:17)
    at recursivelyTraversePassiveMountEffects (http://localhost:3004/_next/static/chunks/node_modules_next_dist_compiled_react-dom_058-ah~._.js:8676:316)
    at commitPassiveMountOnFiber (http://localhost:3004/_next/static/chunks/node_modules_next_dist_compiled_react-dom_058-ah~._.js:8688:17)
    at recursivelyTraversePassiveMountEffects (http://localhost:3004/_next/static/chunks/node_modules_next_dist_compiled_react-dom_058-ah~._.js:8676:316)
    at commitPassiveMountOnFiber (http://localhost:3004/_next/static/chunks/node_modules_next_dist_compiled_react-dom_058-ah~._.js:8693:17)
    at recursivelyTraversePassiveMountEffects (http://localhost:3004/_next/static/chunks/node_modules_next_dist_compiled_react-dom_058-ah~._.js:8676:316)
    at commitPassiveMountOnFiber (http://localhost:3004/_next/static/chunks/node_modules_next_dist_compiled_react-dom_058-ah~._.js:8688:17)
    at recursivelyTraversePassiveMountEffects (http://localhost:3004/_next/static/chunks/node_modules_next_dist_compiled_react-dom_058-ah~._.js:8676:316)
    at commitPassiveMountOnFiber (http://localhost:3004/_next/static/chunks/node_modules_next_dist_compiled_react-dom_058-ah~._.js:8688:17)
    at recursivelyTraversePassiveMountEffects (http://localhost:3004/_next/static/chunks/node_modules_next_dist_compiled_react-dom_058-ah~._.js:8676:316)
    at commitPassiveMountOnFiber (http://localhost:3004/_next/static/chunks/node_modules_next_dist_compiled_react-dom_058-ah~._.js:8688:17)
    at recursivelyTraversePassiveMountEffects (http://localhost:3004/_next/static/chunks/node_modules_next_dist_compiled_react-dom_058-ah~._.js:8676:316)
    at commitPassiveMountOnFiber (http://localhost:3004/_next/static/chunks/node_modules_next_dist_compiled_react-dom_058-ah~._.js:8693:17)
    at recursivelyTraversePassiveMountEffects (http://localhost:3004/_next/static/chunks/node_modules_next_dist_compiled_react-dom_058-ah~._.js:8676:316)
    at commitPassiveMountOnFiber (http://localhost:3004/_next/static/chunks/node_modules_next_dist_compiled_react-dom_058-ah~._.js:8688:17)
    at recursivelyTraversePassiveMountEffects (http://localhost:3004/_next/static/chunks/node_modules_next_dist_compiled_react-dom_058-ah~._.js:8676:316)
    at commitPassiveMountOnFiber (http://localhost:3004/_next/static/chunks/node_modules_next_dist_compiled_react-dom_058-ah~._.js:8688:17)
    at recursivelyTraversePassiveMountEffects (http://localhost:3004/_next/static/chunks/node_modules_next_dist_compiled_react-dom_058-ah~._.js:8676:316)
    at commitPassiveMountOnFiber (http://localhost:3004/_next/static/chunks/node_modules_next_dist_compiled_react-dom_058-ah~._.js:8750:17)
    at recursivelyTraversePassiveMountEffects (http://localhost:3004/_next/static/chunks/node_modules_next_dist_compiled_react-dom_058-ah~._.js:8676:316)
    at commitPassiveMountOnFiber (http://localhost:3004/_next/static/chunks/node_modules_next_dist_compiled_react-dom_058-ah~._.js:8750:17)
    at recursivelyTraversePassiveMountEffects (http://localhost:3004/_next/static/chunks/node_modules_next_dist_compiled_react-dom_058-ah~._.js:8676:316)
    at commitPassiveMountOnFiber (http://localhost:3004/_next/static/chunks/node_modules_next_dist_compiled_react-dom_058-ah~._.js:8688:17)
    at recursivelyTraversePassiveMountEffects (http://localhost:3004/_next/static/chunks/node_modules_next_dist_compiled_react-dom_058-ah~._.js:8676:316)
    at commitPassiveMountOnFiber (http://localhost:3004/_next/static/chunks/node_modules_next_dist_compiled_react-dom_058-ah~._.js:8688:17)
    at recursivelyTraversePassiveMountEffects (http://localhost:3004/_next/static/chunks/node_modules_next_dist_compiled_react-dom_058-ah~._.js:8676:316)
    at commitPassiveMountOnFiber (http://localhost:3004/_next/static/chunks/node_modules_next_dist_compiled_react-dom_058-ah~._.js:8750:17)
    at recursivelyTraversePassiveMountEffects (http://localhost:3004/_next/static/chunks/node_modules_next_dist_compiled_react-dom_058-ah~._.js:8676:316)
    at commitPassiveMountOnFiber (http://localhost:3004/_next/static/chunks/node_modules_next_dist_compiled_react-dom_058-ah~._.js:8750:17)
    at recursivelyTraversePassiveMountEffects (http://localhost:3004/_next/static/chunks/node_modules_next_dist_compiled_react-dom_058-ah~._.js:8676:316)
    at commitPassiveMountOnFiber (http://localhost:3004/_next/static/chunks/node_modules_next_dist_compiled_react-dom_058-ah~._.js:8750:17)
    at recursivelyTraversePassiveMountEffects (http://localhost:3004/_next/static/chunks/node_modules_next_dist_compiled_react-dom_058-ah~._.js:8676:316)
    at commitPassiveMountOnFiber (http://localhost:3004/_next/static/chunks/node_modules_next_dist_compiled_react-dom_058-ah~._.js:8750:17)
[  130074ms] [LOG] [Fast Refresh] done in 73ms @ http://localhost:3004/_next/static/chunks/node_modules_next_dist_115brz8._.js:2431
[  140606ms] [LOG] [Fast Refresh] rebuilding @ http://localhost:3004/_next/static/chunks/node_modules_next_dist_115brz8._.js:2431
[  140609ms] [WARNING] [Fast Refresh] performing full reload because your application had an unrecoverable error @ http://localhost:3004/_next/static/chunks/node_modules_next_dist_115brz8._.js:2431
[  140838ms] [LOG] [Fast Refresh] done in 47ms @ http://localhost:3004/_next/static/chunks/node_modules_next_dist_115brz8._.js:2431
[  140948ms] [LOG] [Fast Refresh] rebuilding @ http://localhost:3004/_next/static/chunks/node_modules_next_dist_115brz8._.js:2431
[  140949ms] [WARNING] Image with src "/logos/Boutiqaat.png" has either width or height modified, but not the other. If you use CSS to change the size of your image, also include the styles 'width: "auto"' or 'height: "auto"' to maintain the aspect ratio. @ http://localhost:3004/_next/static/chunks/node_modules_next_dist_115brz8._.js:2431
[  140949ms] [WARNING] Image with src "/logos/provin.png" has either width or height modified, but not the other. If you use CSS to change the size of your image, also include the styles 'width: "auto"' or 'height: "auto"' to maintain the aspect ratio. @ http://localhost:3004/_next/static/chunks/node_modules_next_dist_115brz8._.js:2431
[  140949ms] [WARNING] Image with src "/logos/ktech.png" has either width or height modified, but not the other. If you use CSS to change the size of your image, also include the styles 'width: "auto"' or 'height: "auto"' to maintain the aspect ratio. @ http://localhost:3004/_next/static/chunks/node_modules_next_dist_115brz8._.js:2431
[  141196ms] [LOG] [Fast Refresh] done in 349ms @ http://localhost:3004/_next/static/chunks/node_modules_next_dist_115brz8._.js:2431
[  141791ms] [WARNING] Problem loading file; may be corrupt! @ http://localhost:3004/_next/static/chunks/node_modules_next_dist_115brz8._.js:2431
[  141791ms] [WARNING] Problem loading file; may be corrupt! @ http://localhost:3004/_next/static/chunks/node_modules_next_dist_115brz8._.js:2431
[  141791ms] [ERROR] Problem loading file; may be corrupt! @ http://localhost:3004/_next/static/chunks/node_modules_next_dist_115brz8._.js:3272
[  141791ms] [ERROR] Problem loading file; may be corrupt! @ http://localhost:3004/_next/static/chunks/node_modules_next_dist_115brz8._.js:3272
[  142155ms] [ERROR] Failed to load resource: the server responded with a status of 404 (Not Found) @ http://localhost:3004/photos/headshots/kit-garton-headshot.png:0
[  142156ms] [ERROR] Failed to load resource: the server responded with a status of 404 (Not Found) @ http://localhost:3004/photos/headshots/caryn-seidman-clear.webp:0
[  142247ms] [ERROR] Failed to load resource: the server responded with a status of 404 (Not Found) @ http://localhost:3004/photos/headshots/leala-francis.png:0
[  142749ms] [ERROR] Failed to load resource: the server responded with a status of 404 (Not Found) @ http://localhost:3004/photos/headshots/maureen-martin-weightwatchers.png:0
[  142907ms] [ERROR] Failed to load resource: the server responded with a status of 404 (Not Found) @ http://localhost:3004/photos/headshots/telecom-headshot.png:0
[  143071ms] [INFO] %cDownload the React DevTools for a better development experience: https://react.dev/link/react-devtools font-weight:bold @ http://localhost:3004/_next/static/chunks/node_modules_next_dist_115brz8._.js:2431
[  143381ms] [LOG] [HMR] connected @ http://localhost:3004/_next/static/chunks/node_modules_next_dist_115brz8._.js:2431
[  143539ms] [WARNING] Image with src "http://localhost:3004/product/agent-studio-table.svg" has either width or height modified, but not the other. If you use CSS to change the size of your image, also include the styles 'width: "auto"' or 'height: "auto"' to maintain the aspect ratio. @ http://localhost:3004/_next/static/chunks/node_modules_next_dist_115brz8._.js:2431
[  143742ms] [WARNING] Note: Some companies are required to obtain a license to use Remotion. See: https://remotion.dev/license
Pass the `acknowledgeRemotionLicense` prop to `<Player />` function to make this message disappear. @ http://localhost:3004/_next/static/chunks/node_modules_next_dist_115brz8._.js:2431
[  144006ms] [WARNING] EncodingError: The source image cannot be decoded. @ http://localhost:3004/_next/static/chunks/node_modules_next_dist_115brz8._.js:2431
[  144006ms] [WARNING] EncodingError: The source image cannot be decoded. @ http://localhost:3004/_next/static/chunks/node_modules_next_dist_115brz8._.js:2431
[  144007ms] [WARNING] EncodingError: The source image cannot be decoded. @ http://localhost:3004/_next/static/chunks/node_modules_next_dist_115brz8._.js:2431
[  144007ms] [WARNING] EncodingError: The source image cannot be decoded. @ http://localhost:3004/_next/static/chunks/node_modules_next_dist_115brz8._.js:2431
[  144007ms] [WARNING] EncodingError: The source image cannot be decoded. @ http://localhost:3004/_next/static/chunks/node_modules_next_dist_115brz8._.js:2431
[  144007ms] [WARNING] EncodingError: The source image cannot be decoded. @ http://localhost:3004/_next/static/chunks/node_modules_next_dist_115brz8._.js:2431
[  144007ms] [WARNING] EncodingError: The source image cannot be decoded. @ http://localhost:3004/_next/static/chunks/node_modules_next_dist_115brz8._.js:2431
[  144227ms] [LOG] [Fast Refresh] rebuilding @ http://localhost:3004/_next/static/chunks/node_modules_next_dist_115brz8._.js:2431
[  144231ms] [LOG] [Fast Refresh] done in 160ms @ http://localhost:3004/_next/static/chunks/node_modules_next_dist_115brz8._.js:2431
[  144247ms] [ERROR] Failed to load resource: the server responded with a status of 404 (Not Found) @ http://localhost:3004/photos/headshots/hf_20260410_170644_b4b449e6-f362-4da5-ab23-60f110b0a2e0.png:0
[  144250ms] [WARNING] EncodingError: The source image cannot be decoded. @ http://localhost:3004/_next/static/chunks/node_modules_next_dist_115brz8._.js:2431
[  144251ms] [WARNING] Could not load image with source http://localhost:3004/photos/headshots/hf_20260410_170644_b4b449e6-f362-4da5-ab23-60f110b0a2e0.png, retrying again in 1000ms @ http://localhost:3004/_next/static/chunks/node_modules_next_dist_115brz8._.js:2431
[  145366ms] [ERROR] Failed to load resource: the server responded with a status of 404 (Not Found) @ http://localhost:3004/photos/headshots/hf_20260410_170644_b4b449e6-f362-4da5-ab23-60f110b0a2e0.png:0
[  145372ms] [WARNING] Could not load image with source http://localhost:3004/photos/headshots/hf_20260410_170644_b4b449e6-f362-4da5-ab23-60f110b0a2e0.png, retrying again in 2000ms @ http://localhost:3004/_next/static/chunks/node_modules_next_dist_115brz8._.js:2431
