[     394ms] [INFO] %cDownload the React DevTools for a better development experience: https://react.dev/link/react-devtools font-weight:bold @ http://localhost:3000/_next/static/chunks/node_modules_next_dist_115brz8._.js:2431
[     406ms] [LOG] [HMR] connected @ http://localhost:3000/_next/static/chunks/node_modules_next_dist_115brz8._.js:2431
[     480ms] [WARNING] Image with src "http://localhost:3000/product/agent-studio-table.svg" has either width or height modified, but not the other. If you use CSS to change the size of your image, also include the styles 'width: "auto"' or 'height: "auto"' to maintain the aspect ratio. @ http://localhost:3000/_next/static/chunks/node_modules_next_dist_115brz8._.js:2431
[     496ms] [WARNING] Image with src "/logos/future kid.png" has either width or height modified, but not the other. If you use CSS to change the size of your image, also include the styles 'width: "auto"' or 'height: "auto"' to maintain the aspect ratio. @ http://localhost:3000/_next/static/chunks/node_modules_next_dist_115brz8._.js:2431
[    1038ms] [WARNING] The AudioContext was not allowed to start. It must be resumed (or created) after a user gesture on the page. https://developer.chrome.com/blog/autoplay/#web_audio @ http://localhost:3000/_next/static/chunks/node_modules_0y5pcbl._.js:10811
[    1047ms] [WARNING] EncodingError: The source image cannot be decoded. @ http://localhost:3000/_next/static/chunks/node_modules_next_dist_115brz8._.js:2431
[    1048ms] [WARNING] EncodingError: The source image cannot be decoded. @ http://localhost:3000/_next/static/chunks/node_modules_next_dist_115brz8._.js:2431
[    1048ms] [WARNING] EncodingError: The source image cannot be decoded. @ http://localhost:3000/_next/static/chunks/node_modules_next_dist_115brz8._.js:2431
[    1048ms] [WARNING] EncodingError: The source image cannot be decoded. @ http://localhost:3000/_next/static/chunks/node_modules_next_dist_115brz8._.js:2431
[    1048ms] [WARNING] EncodingError: The source image cannot be decoded. @ http://localhost:3000/_next/static/chunks/node_modules_next_dist_115brz8._.js:2431
[    1048ms] [WARNING] EncodingError: The source image cannot be decoded. @ http://localhost:3000/_next/static/chunks/node_modules_next_dist_115brz8._.js:2431
[    1048ms] [WARNING] EncodingError: The source image cannot be decoded. @ http://localhost:3000/_next/static/chunks/node_modules_next_dist_115brz8._.js:2431
[    4084ms] [LOG] [Fast Refresh] rebuilding @ http://localhost:3000/_next/static/chunks/node_modules_next_dist_115brz8._.js:2431
[    4107ms] [LOG] [Fast Refresh] done in 61ms @ http://localhost:3000/_next/static/chunks/node_modules_next_dist_115brz8._.js:2431
[   10202ms] [WARNING] Image with src "/logos/Boutiqaat.png" has either width or height modified, but not the other. If you use CSS to change the size of your image, also include the styles 'width: "auto"' or 'height: "auto"' to maintain the aspect ratio. @ http://localhost:3000/_next/static/chunks/node_modules_next_dist_115brz8._.js:2431
[   65167ms] [LOG] [Fast Refresh] rebuilding @ http://localhost:3000/_next/static/chunks/node_modules_next_dist_115brz8._.js:2431
[   65234ms] [LOG] [Fast Refresh] done in 129ms @ http://localhost:3000/_next/static/chunks/node_modules_next_dist_115brz8._.js:2431
[   76683ms] [LOG] [Fast Refresh] rebuilding @ http://localhost:3000/_next/static/chunks/node_modules_next_dist_115brz8._.js:2431
[   76712ms] [WARNING] EncodingError: The source image cannot be decoded. @ http://localhost:3000/_next/static/chunks/node_modules_next_dist_115brz8._.js:2431
[   76712ms] [WARNING] EncodingError: The source image cannot be decoded. @ http://localhost:3000/_next/static/chunks/node_modules_next_dist_115brz8._.js:2431
[   76712ms] [WARNING] EncodingError: The source image cannot be decoded. @ http://localhost:3000/_next/static/chunks/node_modules_next_dist_115brz8._.js:2431
[   76712ms] [WARNING] EncodingError: The source image cannot be decoded. @ http://localhost:3000/_next/static/chunks/node_modules_next_dist_115brz8._.js:2431
[   76713ms] [WARNING] EncodingError: The source image cannot be decoded. @ http://localhost:3000/_next/static/chunks/node_modules_next_dist_115brz8._.js:2431
[   76713ms] [WARNING] EncodingError: The source image cannot be decoded. @ http://localhost:3000/_next/static/chunks/node_modules_next_dist_115brz8._.js:2431
[   76713ms] [WARNING] EncodingError: The source image cannot be decoded. @ http://localhost:3000/_next/static/chunks/node_modules_next_dist_115brz8._.js:2431
[   76713ms] [WARNING] EncodingError: The source image cannot be decoded. @ http://localhost:3000/_next/static/chunks/node_modules_next_dist_115brz8._.js:2431
[   76733ms] [LOG] [Fast Refresh] done in 42ms @ http://localhost:3000/_next/static/chunks/node_modules_next_dist_115brz8._.js:2431
