[     377ms] [ERROR] Failed to load resource: the server responded with a status of 404 (Not Found) @ http://localhost:3004/photos/headshots/kit-garton-headshot.png:0
[     377ms] [ERROR] Failed to load resource: the server responded with a status of 404 (Not Found) @ http://localhost:3004/photos/headshots/leala-francis.png:0
[     377ms] [ERROR] Failed to load resource: the server responded with a status of 404 (Not Found) @ http://localhost:3004/photos/headshots/caryn-seidman-clear.webp:0
[     427ms] [ERROR] Failed to load resource: the server responded with a status of 404 (Not Found) @ http://localhost:3004/photos/headshots/maureen-martin-weightwatchers.png:0
[     482ms] [ERROR] Failed to load resource: the server responded with a status of 404 (Not Found) @ http://localhost:3004/photos/headshots/telecom-headshot.png:0
[     497ms] [INFO] %cDownload the React DevTools for a better development experience: https://react.dev/link/react-devtools font-weight:bold @ http://localhost:3004/_next/static/chunks/node_modules_next_dist_115brz8._.js:2431
[     514ms] [LOG] [HMR] connected @ http://localhost:3004/_next/static/chunks/node_modules_next_dist_115brz8._.js:2431
[     619ms] [WARNING] Image with src "http://localhost:3004/product/agent-studio-table.svg" has either width or height modified, but not the other. If you use CSS to change the size of your image, also include the styles 'width: "auto"' or 'height: "auto"' to maintain the aspect ratio. @ http://localhost:3004/_next/static/chunks/node_modules_next_dist_115brz8._.js:2431
[     653ms] [WARNING] Note: Some companies are required to obtain a license to use Remotion. See: https://remotion.dev/license
Pass the `acknowledgeRemotionLicense` prop to `<Player />` function to make this message disappear. @ http://localhost:3004/_next/static/chunks/node_modules_next_dist_115brz8._.js:2431
[   42354ms] [LOG] [Fast Refresh] rebuilding @ http://localhost:3004/_next/static/chunks/node_modules_next_dist_115brz8._.js:2431
[   42724ms] [LOG] [Fast Refresh] done in 462ms @ http://localhost:3004/_next/static/chunks/node_modules_next_dist_115brz8._.js:2431
[  168955ms] [LOG] [Fast Refresh] rebuilding @ http://localhost:3004/_next/static/chunks/node_modules_next_dist_115brz8._.js:2431
[  168989ms] [LOG] [Fast Refresh] done in 119ms @ http://localhost:3004/_next/static/chunks/node_modules_next_dist_115brz8._.js:2431
[  175841ms] [LOG] [Fast Refresh] rebuilding @ http://localhost:3004/_next/static/chunks/node_modules_next_dist_115brz8._.js:2431
[  175892ms] [LOG] [Fast Refresh] done in 134ms @ http://localhost:3004/_next/static/chunks/node_modules_next_dist_115brz8._.js:2431
[  187743ms] [LOG] [Fast Refresh] rebuilding @ http://localhost:3004/_next/static/chunks/node_modules_next_dist_115brz8._.js:2431
[  187778ms] [LOG] [Fast Refresh] done in 114ms @ http://localhost:3004/_next/static/chunks/node_modules_next_dist_115brz8._.js:2431
[  200907ms] [LOG] [Fast Refresh] rebuilding @ http://localhost:3004/_next/static/chunks/node_modules_next_dist_115brz8._.js:2431
[  200937ms] [LOG] [Fast Refresh] done in 92ms @ http://localhost:3004/_next/static/chunks/node_modules_next_dist_115brz8._.js:2431
