[     160ms] [LOG] [Fast Refresh] rebuilding @ http://localhost:3004/_next/static/chunks/node_modules_next_dist_115brz8._.js:2431
[     175ms] [LOG] [Fast Refresh] done in 116ms @ http://localhost:3004/_next/static/chunks/node_modules_next_dist_115brz8._.js:2431
[     355ms] [ERROR] Failed to load resource: the server responded with a status of 404 (Not Found) @ http://localhost:3004/photos/headshots/caryn-seidman-clear.webp:0
[     359ms] [ERROR] Failed to load resource: the server responded with a status of 404 (Not Found) @ http://localhost:3004/photos/headshots/kit-garton-headshot.png:0
[     400ms] [ERROR] Failed to load resource: the server responded with a status of 404 (Not Found) @ http://localhost:3004/photos/headshots/leala-francis.png:0
[     508ms] [ERROR] Failed to load resource: the server responded with a status of 404 (Not Found) @ http://localhost:3004/photos/headshots/maureen-martin-weightwatchers.png:0
[     512ms] [ERROR] Failed to load resource: the server responded with a status of 404 (Not Found) @ http://localhost:3004/photos/headshots/telecom-headshot.png:0
[     550ms] [INFO] %cDownload the React DevTools for a better development experience: https://react.dev/link/react-devtools font-weight:bold @ http://localhost:3004/_next/static/chunks/node_modules_next_dist_115brz8._.js:2431
[     568ms] [LOG] [HMR] connected @ http://localhost:3004/_next/static/chunks/node_modules_next_dist_115brz8._.js:2431
[     671ms] [WARNING] Image with src "http://localhost:3004/product/agent-studio-table.svg" has either width or height modified, but not the other. If you use CSS to change the size of your image, also include the styles 'width: "auto"' or 'height: "auto"' to maintain the aspect ratio. @ http://localhost:3004/_next/static/chunks/node_modules_next_dist_115brz8._.js:2431
[     700ms] [WARNING] Note: Some companies are required to obtain a license to use Remotion. See: https://remotion.dev/license
Pass the `acknowledgeRemotionLicense` prop to `<Player />` function to make this message disappear. @ http://localhost:3004/_next/static/chunks/node_modules_next_dist_115brz8._.js:2431
[    1011ms] [ERROR] Failed to load resource: the server responded with a status of 404 (Not Found) @ http://localhost:3004/photos/headshots/hf_20260410_170726_940f4c77-0806-4083-9365-a302aefdd918.png:0
[    1012ms] [WARNING] EncodingError: The source image cannot be decoded. @ http://localhost:3004/_next/static/chunks/node_modules_next_dist_115brz8._.js:2431
[    1012ms] [WARNING] EncodingError: The source image cannot be decoded. @ http://localhost:3004/_next/static/chunks/node_modules_next_dist_115brz8._.js:2431
[    1012ms] [ERROR] Failed to load resource: the server responded with a status of 404 (Not Found) @ http://localhost:3004/photos/headshots/hf_20260410_172056_f01e112d-b470-4901-9ba7-806329a0ee77.png:0
[    1012ms] [WARNING] EncodingError: The source image cannot be decoded. @ http://localhost:3004/_next/static/chunks/node_modules_next_dist_115brz8._.js:2431
[    1012ms] [WARNING] EncodingError: The source image cannot be decoded. @ http://localhost:3004/_next/static/chunks/node_modules_next_dist_115brz8._.js:2431
[    1018ms] [LOG] [Fast Refresh] rebuilding @ http://localhost:3004/_next/static/chunks/node_modules_next_dist_115brz8._.js:2431
[    1019ms] [WARNING] Could not load image with source http://localhost:3004/photos/headshots/hf_20260410_170726_940f4c77-0806-4083-9365-a302aefdd918.png, retrying again in 1000ms @ http://localhost:3004/_next/static/chunks/node_modules_next_dist_115brz8._.js:2431
[    1019ms] [WARNING] Could not load image with source http://localhost:3004/photos/headshots/hf_20260410_172056_f01e112d-b470-4901-9ba7-806329a0ee77.png, retrying again in 1000ms @ http://localhost:3004/_next/static/chunks/node_modules_next_dist_115brz8._.js:2431
[    1038ms] [LOG] [Fast Refresh] done in 219ms @ http://localhost:3004/_next/static/chunks/node_modules_next_dist_115brz8._.js:2431
[    2100ms] [ERROR] Failed to load resource: the server responded with a status of 404 (Not Found) @ http://localhost:3004/photos/headshots/hf_20260410_170726_940f4c77-0806-4083-9365-a302aefdd918.png:0
[    2106ms] [ERROR] Failed to load resource: the server responded with a status of 404 (Not Found) @ http://localhost:3004/photos/headshots/hf_20260410_172056_f01e112d-b470-4901-9ba7-806329a0ee77.png:0
[    2107ms] [WARNING] Could not load image with source http://localhost:3004/photos/headshots/hf_20260410_172056_f01e112d-b470-4901-9ba7-806329a0ee77.png, retrying again in 2000ms @ http://localhost:3004/_next/static/chunks/node_modules_next_dist_115brz8._.js:2431
[    2107ms] [WARNING] Could not load image with source http://localhost:3004/photos/headshots/hf_20260410_170726_940f4c77-0806-4083-9365-a302aefdd918.png, retrying again in 2000ms @ http://localhost:3004/_next/static/chunks/node_modules_next_dist_115brz8._.js:2431
[    4167ms] [ERROR] Failed to load resource: the server responded with a status of 404 (Not Found) @ http://localhost:3004/photos/headshots/hf_20260410_172056_f01e112d-b470-4901-9ba7-806329a0ee77.png:0
[    4168ms] [ERROR] Failed to load resource: the server responded with a status of 404 (Not Found) @ http://localhost:3004/photos/headshots/hf_20260410_170726_940f4c77-0806-4083-9365-a302aefdd918.png:0
[   24660ms] [LOG] [Fast Refresh] rebuilding @ http://localhost:3004/_next/static/chunks/node_modules_next_dist_115brz8._.js:2431
[   24679ms] [LOG] [Fast Refresh] done in 93ms @ http://localhost:3004/_next/static/chunks/node_modules_next_dist_115brz8._.js:2431
[   62890ms] [LOG] [Fast Refresh] rebuilding @ http://localhost:3004/_next/static/chunks/node_modules_next_dist_115brz8._.js:2431
[   62916ms] [LOG] [Fast Refresh] done in 105ms @ http://localhost:3004/_next/static/chunks/node_modules_next_dist_115brz8._.js:2431
