[     289ms] [ERROR] Failed to load resource: the server responded with a status of 404 (Not Found) @ http://localhost:3004/photos/headshots/caryn-seidman-clear.webp:0
[     322ms] [ERROR] Failed to load resource: the server responded with a status of 404 (Not Found) @ http://localhost:3004/photos/headshots/kit-garton-headshot.png:0
[     374ms] [INFO] %cDownload the React DevTools for a better development experience: https://react.dev/link/react-devtools font-weight:bold @ http://localhost:3004/_next/static/chunks/node_modules_next_dist_115brz8._.js:2431
[     387ms] [LOG] [HMR] connected @ http://localhost:3004/_next/static/chunks/node_modules_next_dist_115brz8._.js:2431
[     498ms] [ERROR] Failed to load resource: the server responded with a status of 404 (Not Found) @ http://localhost:3004/photos/headshots/leala-francis.png:0
[     505ms] [ERROR] Failed to load resource: the server responded with a status of 404 (Not Found) @ http://localhost:3004/photos/headshots/telecom-headshot.png:0
[     506ms] [ERROR] Failed to load resource: the server responded with a status of 404 (Not Found) @ http://localhost:3004/photos/headshots/maureen-martin-weightwatchers.png:0
[     575ms] [WARNING] Image with src "http://localhost:3004/product/agent-studio-table.svg" has either width or height modified, but not the other. If you use CSS to change the size of your image, also include the styles 'width: "auto"' or 'height: "auto"' to maintain the aspect ratio. @ http://localhost:3004/_next/static/chunks/node_modules_next_dist_115brz8._.js:2431
[     623ms] [WARNING] Note: Some companies are required to obtain a license to use Remotion. See: https://remotion.dev/license
Pass the `acknowledgeRemotionLicense` prop to `<Player />` function to make this message disappear. @ http://localhost:3004/_next/static/chunks/node_modules_next_dist_115brz8._.js:2431
[     644ms] [LOG] [Fast Refresh] rebuilding @ http://localhost:3004/_next/static/chunks/node_modules_next_dist_115brz8._.js:2431
[     659ms] [LOG] [Fast Refresh] done in 138ms @ http://localhost:3004/_next/static/chunks/node_modules_next_dist_115brz8._.js:2431
[     904ms] [WARNING] The AudioContext was not allowed to start. It must be resumed (or created) after a user gesture on the page. https://developer.chrome.com/blog/autoplay/#web_audio @ http://localhost:3004/_next/static/chunks/node_modules_08onw~y._.js:1485
[     914ms] [WARNING] EncodingError: The source image cannot be decoded. @ http://localhost:3004/_next/static/chunks/node_modules_next_dist_115brz8._.js:2431
[     915ms] [WARNING] EncodingError: The source image cannot be decoded. @ http://localhost:3004/_next/static/chunks/node_modules_next_dist_115brz8._.js:2431
[     915ms] [WARNING] EncodingError: The source image cannot be decoded. @ http://localhost:3004/_next/static/chunks/node_modules_next_dist_115brz8._.js:2431
[     915ms] [WARNING] EncodingError: The source image cannot be decoded. @ http://localhost:3004/_next/static/chunks/node_modules_next_dist_115brz8._.js:2431
[     915ms] [WARNING] EncodingError: The source image cannot be decoded. @ http://localhost:3004/_next/static/chunks/node_modules_next_dist_115brz8._.js:2431
[     915ms] [WARNING] EncodingError: The source image cannot be decoded. @ http://localhost:3004/_next/static/chunks/node_modules_next_dist_115brz8._.js:2431
[     915ms] [WARNING] EncodingError: The source image cannot be decoded. @ http://localhost:3004/_next/static/chunks/node_modules_next_dist_115brz8._.js:2431
[    1003ms] [ERROR] Failed to load resource: the server responded with a status of 404 (Not Found) @ http://localhost:3004/photos/headshots/hf_20260410_170644_b4b449e6-f362-4da5-ab23-60f110b0a2e0.png:0
[    1005ms] [WARNING] EncodingError: The source image cannot be decoded. @ http://localhost:3004/_next/static/chunks/node_modules_next_dist_115brz8._.js:2431
[    1005ms] [WARNING] Could not load image with source http://localhost:3004/photos/headshots/hf_20260410_170644_b4b449e6-f362-4da5-ab23-60f110b0a2e0.png, retrying again in 1000ms @ http://localhost:3004/_next/static/chunks/node_modules_next_dist_115brz8._.js:2431
[    2047ms] [ERROR] Failed to load resource: the server responded with a status of 404 (Not Found) @ http://localhost:3004/photos/headshots/hf_20260410_170644_b4b449e6-f362-4da5-ab23-60f110b0a2e0.png:0
[    2049ms] [WARNING] Could not load image with source http://localhost:3004/photos/headshots/hf_20260410_170644_b4b449e6-f362-4da5-ab23-60f110b0a2e0.png, retrying again in 2000ms @ http://localhost:3004/_next/static/chunks/node_modules_next_dist_115brz8._.js:2431
[    4081ms] [ERROR] Failed to load resource: the server responded with a status of 404 (Not Found) @ http://localhost:3004/photos/headshots/hf_20260410_170644_b4b449e6-f362-4da5-ab23-60f110b0a2e0.png:0
[   12906ms] [LOG] [Fast Refresh] rebuilding @ http://localhost:3004/_next/static/chunks/node_modules_next_dist_115brz8._.js:2431
[   12922ms] [LOG] [Fast Refresh] done in 83ms @ http://localhost:3004/_next/static/chunks/node_modules_next_dist_115brz8._.js:2431
[   49530ms] [LOG] [Fast Refresh] rebuilding @ http://localhost:3004/_next/static/chunks/node_modules_next_dist_115brz8._.js:2431
[   49546ms] [LOG] [Fast Refresh] done in 114ms @ http://localhost:3004/_next/static/chunks/node_modules_next_dist_115brz8._.js:2431
[   54350ms] [LOG] [Fast Refresh] rebuilding @ http://localhost:3004/_next/static/chunks/node_modules_next_dist_115brz8._.js:2431
[   54372ms] [LOG] [Fast Refresh] done in 56ms @ http://localhost:3004/_next/static/chunks/node_modules_next_dist_115brz8._.js:2431
