[     186ms] [INFO] %cDownload the React DevTools for a better development experience: https://react.dev/link/react-devtools font-weight:bold @ http://localhost:3000/_next/static/chunks/node_modules_next_dist_115brz8._.js:2431
[     199ms] [LOG] [HMR] connected @ http://localhost:3000/_next/static/chunks/node_modules_next_dist_115brz8._.js:2431
[     282ms] [WARNING] Image with src "http://localhost:3000/product/agent-studio-table.svg" has either width or height modified, but not the other. If you use CSS to change the size of your image, also include the styles 'width: "auto"' or 'height: "auto"' to maintain the aspect ratio. @ http://localhost:3000/_next/static/chunks/node_modules_next_dist_115brz8._.js:2431
[     298ms] [WARNING] Image with src "/logos/future kid.png" has either width or height modified, but not the other. If you use CSS to change the size of your image, also include the styles 'width: "auto"' or 'height: "auto"' to maintain the aspect ratio. @ http://localhost:3000/_next/static/chunks/node_modules_next_dist_115brz8._.js:2431
[    8195ms] [LOG] [Fast Refresh] rebuilding @ http://localhost:3000/_next/static/chunks/node_modules_next_dist_115brz8._.js:2431
[    8221ms] [LOG] [Fast Refresh] done in 75ms @ http://localhost:3000/_next/static/chunks/node_modules_next_dist_115brz8._.js:2431
[   24216ms] [LOG] [Fast Refresh] rebuilding @ http://localhost:3000/_next/static/chunks/node_modules_next_dist_115brz8._.js:2431
[   24494ms] [ERROR] ./remotion/EmpowerEveryTeam.tsx:164:5
Expression expected
  162 |       </svg>
  163 |       </div>
> 164 |     </AbsoluteFill>
      |     ^
  165 |   );
  166 | };
  167 |

Parsing ecmascript source code failed

Import trace:
  Client Component Browser:
    ./remotion/EmpowerEveryTeam.tsx [Client Component Browser]
    ./components/ui/RemotionEmpowerTeam.tsx [Client Component Browser]
    ./components/sections/TransformSection.tsx [Client Component Browser]
    ./components/sections/TransformSection.tsx [Server Component]
    ./app/page.tsx [Server Component] @ http://localhost:3000/_next/static/chunks/node_modules_next_dist_115brz8._.js:3272
[   24494ms] [ERROR] ./remotion/EmpowerEveryTeam.tsx:164:6
Unterminated regexp literal
  162 |       </svg>
  163 |       </div>
> 164 |     </AbsoluteFill>
      |      ^^^^^^^^^^^^^^
  165 |   );
  166 | };
  167 |

Parsing ecmascript source code failed

Import trace:
  Client Component Browser:
    ./remotion/EmpowerEveryTeam.tsx [Client Component Browser]
    ./components/ui/RemotionEmpowerTeam.tsx [Client Component Browser]
    ./components/sections/TransformSection.tsx [Client Component Browser]
    ./components/sections/TransformSection.tsx [Server Component]
    ./app/page.tsx [Server Component] @ http://localhost:3000/_next/static/chunks/node_modules_next_dist_115brz8._.js:3272
[   24699ms] [LOG] [Fast Refresh] rebuilding @ http://localhost:3000/_next/static/chunks/node_modules_next_dist_115brz8._.js:2431
[   24700ms] [ERROR] ./remotion/EmpowerEveryTeam.tsx:164:5
Expression expected
  162 |       </svg>
  163 |       </div>
> 164 |     </AbsoluteFill>
      |     ^
  165 |   );
  166 | };
  167 |

Parsing ecmascript source code failed

Import trace:
  Client Component Browser:
    ./remotion/EmpowerEveryTeam.tsx [Client Component Browser]
    ./components/ui/RemotionEmpowerTeam.tsx [Client Component Browser]
    ./components/sections/TransformSection.tsx [Client Component Browser]
    ./components/sections/TransformSection.tsx [Server Component]
    ./app/page.tsx [Server Component] @ http://localhost:3000/_next/static/chunks/node_modules_next_dist_115brz8._.js:3272
[   24700ms] [ERROR] ./remotion/EmpowerEveryTeam.tsx:164:6
Unterminated regexp literal
  162 |       </svg>
  163 |       </div>
> 164 |     </AbsoluteFill>
      |      ^^^^^^^^^^^^^^
  165 |   );
  166 | };
  167 |

Parsing ecmascript source code failed

Import trace:
  Client Component Browser:
    ./remotion/EmpowerEveryTeam.tsx [Client Component Browser]
    ./components/ui/RemotionEmpowerTeam.tsx [Client Component Browser]
    ./components/sections/TransformSection.tsx [Client Component Browser]
    ./components/sections/TransformSection.tsx [Server Component]
    ./app/page.tsx [Server Component] @ http://localhost:3000/_next/static/chunks/node_modules_next_dist_115brz8._.js:3272
[   24762ms] [ERROR] ./remotion/EmpowerEveryTeam.tsx:164:5
Expression expected
  162 |       </svg>
  163 |       </div>
> 164 |     </AbsoluteFill>
      |     ^
  165 |   );
  166 | };
  167 |

Parsing ecmascript source code failed

Import trace:
  Client Component Browser:
    ./remotion/EmpowerEveryTeam.tsx [Client Component Browser]
    ./components/ui/RemotionEmpowerTeam.tsx [Client Component Browser]
    ./components/sections/TransformSection.tsx [Client Component Browser]
    ./components/sections/TransformSection.tsx [Server Component]
    ./app/page.tsx [Server Component] @ http://localhost:3000/_next/static/chunks/node_modules_next_dist_115brz8._.js:3272
[   24762ms] [ERROR] ./remotion/EmpowerEveryTeam.tsx:164:6
Unterminated regexp literal
  162 |       </svg>
  163 |       </div>
> 164 |     </AbsoluteFill>
      |      ^^^^^^^^^^^^^^
  165 |   );
  166 | };
  167 |

Parsing ecmascript source code failed

Import trace:
  Client Component Browser:
    ./remotion/EmpowerEveryTeam.tsx [Client Component Browser]
    ./components/ui/RemotionEmpowerTeam.tsx [Client Component Browser]
    ./components/sections/TransformSection.tsx [Client Component Browser]
    ./components/sections/TransformSection.tsx [Server Component]
    ./app/page.tsx [Server Component] @ http://localhost:3000/_next/static/chunks/node_modules_next_dist_115brz8._.js:3272
[   24845ms] [ERROR] ./remotion/EmpowerEveryTeam.tsx:164:5
Expression expected
  162 |       </svg>
  163 |       </div>
> 164 |     </AbsoluteFill>
      |     ^
  165 |   );
  166 | };
  167 |

Parsing ecmascript source code failed

Import trace:
  Client Component Browser:
    ./remotion/EmpowerEveryTeam.tsx [Client Component Browser]
    ./components/ui/RemotionEmpowerTeam.tsx [Client Component Browser]
    ./components/sections/TransformSection.tsx [Client Component Browser]
    ./components/sections/TransformSection.tsx [Server Component]
    ./app/page.tsx [Server Component] @ http://localhost:3000/_next/static/chunks/node_modules_next_dist_115brz8._.js:3272
[   24846ms] [ERROR] ./remotion/EmpowerEveryTeam.tsx:164:6
Unterminated regexp literal
  162 |       </svg>
  163 |       </div>
> 164 |     </AbsoluteFill>
      |      ^^^^^^^^^^^^^^
  165 |   );
  166 | };
  167 |

Parsing ecmascript source code failed

Import trace:
  Client Component Browser:
    ./remotion/EmpowerEveryTeam.tsx [Client Component Browser]
    ./components/ui/RemotionEmpowerTeam.tsx [Client Component Browser]
    ./components/sections/TransformSection.tsx [Client Component Browser]
    ./components/sections/TransformSection.tsx [Server Component]
    ./app/page.tsx [Server Component] @ http://localhost:3000/_next/static/chunks/node_modules_next_dist_115brz8._.js:3272
[   24895ms] [ERROR] ./remotion/EmpowerEveryTeam.tsx:164:5
Expression expected
  162 |       </svg>
  163 |       </div>
> 164 |     </AbsoluteFill>
      |     ^
  165 |   );
  166 | };
  167 |

Parsing ecmascript source code failed

Import trace:
  Client Component Browser:
    ./remotion/EmpowerEveryTeam.tsx [Client Component Browser]
    ./components/ui/RemotionEmpowerTeam.tsx [Client Component Browser]
    ./components/sections/TransformSection.tsx [Client Component Browser]
    ./components/sections/TransformSection.tsx [Server Component]
    ./app/page.tsx [Server Component] @ http://localhost:3000/_next/static/chunks/node_modules_next_dist_115brz8._.js:3272
[   24895ms] [ERROR] ./remotion/EmpowerEveryTeam.tsx:164:6
Unterminated regexp literal
  162 |       </svg>
  163 |       </div>
> 164 |     </AbsoluteFill>
      |      ^^^^^^^^^^^^^^
  165 |   );
  166 | };
  167 |

Parsing ecmascript source code failed

Import trace:
  Client Component Browser:
    ./remotion/EmpowerEveryTeam.tsx [Client Component Browser]
    ./components/ui/RemotionEmpowerTeam.tsx [Client Component Browser]
    ./components/sections/TransformSection.tsx [Client Component Browser]
    ./components/sections/TransformSection.tsx [Server Component]
    ./app/page.tsx [Server Component] @ http://localhost:3000/_next/static/chunks/node_modules_next_dist_115brz8._.js:3272
[   24945ms] [ERROR] ./remotion/EmpowerEveryTeam.tsx:164:5
Expression expected
  162 |       </svg>
  163 |       </div>
> 164 |     </AbsoluteFill>
      |     ^
  165 |   );
  166 | };
  167 |

Parsing ecmascript source code failed

Import trace:
  Client Component Browser:
    ./remotion/EmpowerEveryTeam.tsx [Client Component Browser]
    ./components/ui/RemotionEmpowerTeam.tsx [Client Component Browser]
    ./components/sections/TransformSection.tsx [Client Component Browser]
    ./components/sections/TransformSection.tsx [Server Component]
    ./app/page.tsx [Server Component] @ http://localhost:3000/_next/static/chunks/node_modules_next_dist_115brz8._.js:3272
[   24946ms] [ERROR] ./remotion/EmpowerEveryTeam.tsx:164:6
Unterminated regexp literal
  162 |       </svg>
  163 |       </div>
> 164 |     </AbsoluteFill>
      |      ^^^^^^^^^^^^^^
  165 |   );
  166 | };
  167 |

Parsing ecmascript source code failed

Import trace:
  Client Component Browser:
    ./remotion/EmpowerEveryTeam.tsx [Client Component Browser]
    ./components/ui/RemotionEmpowerTeam.tsx [Client Component Browser]
    ./components/sections/TransformSection.tsx [Client Component Browser]
    ./components/sections/TransformSection.tsx [Server Component]
    ./app/page.tsx [Server Component] @ http://localhost:3000/_next/static/chunks/node_modules_next_dist_115brz8._.js:3272
[   24996ms] [ERROR] ./remotion/EmpowerEveryTeam.tsx:164:5
Expression expected
  162 |       </svg>
  163 |       </div>
> 164 |     </AbsoluteFill>
      |     ^
  165 |   );
  166 | };
  167 |

Parsing ecmascript source code failed

Import trace:
  Client Component Browser:
    ./remotion/EmpowerEveryTeam.tsx [Client Component Browser]
    ./components/ui/RemotionEmpowerTeam.tsx [Client Component Browser]
    ./components/sections/TransformSection.tsx [Client Component Browser]
    ./components/sections/TransformSection.tsx [Server Component]
    ./app/page.tsx [Server Component] @ http://localhost:3000/_next/static/chunks/node_modules_next_dist_115brz8._.js:3272
[   24996ms] [ERROR] ./remotion/EmpowerEveryTeam.tsx:164:6
Unterminated regexp literal
  162 |       </svg>
  163 |       </div>
> 164 |     </AbsoluteFill>
      |      ^^^^^^^^^^^^^^
  165 |   );
  166 | };
  167 |

Parsing ecmascript source code failed

Import trace:
  Client Component Browser:
    ./remotion/EmpowerEveryTeam.tsx [Client Component Browser]
    ./components/ui/RemotionEmpowerTeam.tsx [Client Component Browser]
    ./components/sections/TransformSection.tsx [Client Component Browser]
    ./components/sections/TransformSection.tsx [Server Component]
    ./app/page.tsx [Server Component] @ http://localhost:3000/_next/static/chunks/node_modules_next_dist_115brz8._.js:3272
[   25059ms] [ERROR] ./remotion/EmpowerEveryTeam.tsx:164:5
Expression expected
  162 |       </svg>
  163 |       </div>
> 164 |     </AbsoluteFill>
      |     ^
  165 |   );
  166 | };
  167 |

Parsing ecmascript source code failed

Import trace:
  Client Component Browser:
    ./remotion/EmpowerEveryTeam.tsx [Client Component Browser]
    ./components/ui/RemotionEmpowerTeam.tsx [Client Component Browser]
    ./components/sections/TransformSection.tsx [Client Component Browser]
    ./components/sections/TransformSection.tsx [Server Component]
    ./app/page.tsx [Server Component] @ http://localhost:3000/_next/static/chunks/node_modules_next_dist_115brz8._.js:3272
[   25059ms] [ERROR] ./remotion/EmpowerEveryTeam.tsx:164:6
Unterminated regexp literal
  162 |       </svg>
  163 |       </div>
> 164 |     </AbsoluteFill>
      |      ^^^^^^^^^^^^^^
  165 |   );
  166 | };
  167 |

Parsing ecmascript source code failed

Import trace:
  Client Component Browser:
    ./remotion/EmpowerEveryTeam.tsx [Client Component Browser]
    ./components/ui/RemotionEmpowerTeam.tsx [Client Component Browser]
    ./components/sections/TransformSection.tsx [Client Component Browser]
    ./components/sections/TransformSection.tsx [Server Component]
    ./app/page.tsx [Server Component] @ http://localhost:3000/_next/static/chunks/node_modules_next_dist_115brz8._.js:3272
[   25110ms] [ERROR] ./remotion/EmpowerEveryTeam.tsx:164:5
Expression expected
  162 |       </svg>
  163 |       </div>
> 164 |     </AbsoluteFill>
      |     ^
  165 |   );
  166 | };
  167 |

Parsing ecmascript source code failed

Import trace:
  Client Component Browser:
    ./remotion/EmpowerEveryTeam.tsx [Client Component Browser]
    ./components/ui/RemotionEmpowerTeam.tsx [Client Component Browser]
    ./components/sections/TransformSection.tsx [Client Component Browser]
    ./components/sections/TransformSection.tsx [Server Component]
    ./app/page.tsx [Server Component] @ http://localhost:3000/_next/static/chunks/node_modules_next_dist_115brz8._.js:3272
[   25110ms] [ERROR] ./remotion/EmpowerEveryTeam.tsx:164:6
Unterminated regexp literal
  162 |       </svg>
  163 |       </div>
> 164 |     </AbsoluteFill>
      |      ^^^^^^^^^^^^^^
  165 |   );
  166 | };
  167 |

Parsing ecmascript source code failed

Import trace:
  Client Component Browser:
    ./remotion/EmpowerEveryTeam.tsx [Client Component Browser]
    ./components/ui/RemotionEmpowerTeam.tsx [Client Component Browser]
    ./components/sections/TransformSection.tsx [Client Component Browser]
    ./components/sections/TransformSection.tsx [Server Component]
    ./app/page.tsx [Server Component] @ http://localhost:3000/_next/static/chunks/node_modules_next_dist_115brz8._.js:3272
[   25161ms] [ERROR] ./remotion/EmpowerEveryTeam.tsx:164:5
Expression expected
  162 |       </svg>
  163 |       </div>
> 164 |     </AbsoluteFill>
      |     ^
  165 |   );
  166 | };
  167 |

Parsing ecmascript source code failed

Import trace:
  Client Component Browser:
    ./remotion/EmpowerEveryTeam.tsx [Client Component Browser]
    ./components/ui/RemotionEmpowerTeam.tsx [Client Component Browser]
    ./components/sections/TransformSection.tsx [Client Component Browser]
    ./components/sections/TransformSection.tsx [Server Component]
    ./app/page.tsx [Server Component] @ http://localhost:3000/_next/static/chunks/node_modules_next_dist_115brz8._.js:3272
[   25161ms] [ERROR] ./remotion/EmpowerEveryTeam.tsx:164:6
Unterminated regexp literal
  162 |       </svg>
  163 |       </div>
> 164 |     </AbsoluteFill>
      |      ^^^^^^^^^^^^^^
  165 |   );
  166 | };
  167 |

Parsing ecmascript source code failed

Import trace:
  Client Component Browser:
    ./remotion/EmpowerEveryTeam.tsx [Client Component Browser]
    ./components/ui/RemotionEmpowerTeam.tsx [Client Component Browser]
    ./components/sections/TransformSection.tsx [Client Component Browser]
    ./components/sections/TransformSection.tsx [Server Component]
    ./app/page.tsx [Server Component] @ http://localhost:3000/_next/static/chunks/node_modules_next_dist_115brz8._.js:3272
[   25214ms] [ERROR] ./remotion/EmpowerEveryTeam.tsx:164:5
Expression expected
  162 |       </svg>
  163 |       </div>
> 164 |     </AbsoluteFill>
      |     ^
  165 |   );
  166 | };
  167 |

Parsing ecmascript source code failed

Import trace:
  Client Component Browser:
    ./remotion/EmpowerEveryTeam.tsx [Client Component Browser]
    ./components/ui/RemotionEmpowerTeam.tsx [Client Component Browser]
    ./components/sections/TransformSection.tsx [Client Component Browser]
    ./components/sections/TransformSection.tsx [Server Component]
    ./app/page.tsx [Server Component] @ http://localhost:3000/_next/static/chunks/node_modules_next_dist_115brz8._.js:3272
[   25214ms] [ERROR] ./remotion/EmpowerEveryTeam.tsx:164:6
Unterminated regexp literal
  162 |       </svg>
  163 |       </div>
> 164 |     </AbsoluteFill>
      |      ^^^^^^^^^^^^^^
  165 |   );
  166 | };
  167 |

Parsing ecmascript source code failed

Import trace:
  Client Component Browser:
    ./remotion/EmpowerEveryTeam.tsx [Client Component Browser]
    ./components/ui/RemotionEmpowerTeam.tsx [Client Component Browser]
    ./components/sections/TransformSection.tsx [Client Component Browser]
    ./components/sections/TransformSection.tsx [Server Component]
    ./app/page.tsx [Server Component] @ http://localhost:3000/_next/static/chunks/node_modules_next_dist_115brz8._.js:3272
[   25265ms] [ERROR] ./remotion/EmpowerEveryTeam.tsx:164:5
Expression expected
  162 |       </svg>
  163 |       </div>
> 164 |     </AbsoluteFill>
      |     ^
  165 |   );
  166 | };
  167 |

Parsing ecmascript source code failed

Import trace:
  Client Component Browser:
    ./remotion/EmpowerEveryTeam.tsx [Client Component Browser]
    ./components/ui/RemotionEmpowerTeam.tsx [Client Component Browser]
    ./components/sections/TransformSection.tsx [Client Component Browser]
    ./components/sections/TransformSection.tsx [Server Component]
    ./app/page.tsx [Server Component] @ http://localhost:3000/_next/static/chunks/node_modules_next_dist_115brz8._.js:3272
[   25265ms] [ERROR] ./remotion/EmpowerEveryTeam.tsx:164:6
Unterminated regexp literal
  162 |       </svg>
  163 |       </div>
> 164 |     </AbsoluteFill>
      |      ^^^^^^^^^^^^^^
  165 |   );
  166 | };
  167 |

Parsing ecmascript source code failed

Import trace:
  Client Component Browser:
    ./remotion/EmpowerEveryTeam.tsx [Client Component Browser]
    ./components/ui/RemotionEmpowerTeam.tsx [Client Component Browser]
    ./components/sections/TransformSection.tsx [Client Component Browser]
    ./components/sections/TransformSection.tsx [Server Component]
    ./app/page.tsx [Server Component] @ http://localhost:3000/_next/static/chunks/node_modules_next_dist_115brz8._.js:3272
[   25319ms] [ERROR] ./remotion/EmpowerEveryTeam.tsx:164:5
Expression expected
  162 |       </svg>
  163 |       </div>
> 164 |     </AbsoluteFill>
      |     ^
  165 |   );
  166 | };
  167 |

Parsing ecmascript source code failed

Import trace:
  Client Component Browser:
    ./remotion/EmpowerEveryTeam.tsx [Client Component Browser]
    ./components/ui/RemotionEmpowerTeam.tsx [Client Component Browser]
    ./components/sections/TransformSection.tsx [Client Component Browser]
    ./components/sections/TransformSection.tsx [Server Component]
    ./app/page.tsx [Server Component] @ http://localhost:3000/_next/static/chunks/node_modules_next_dist_115brz8._.js:3272
[   25319ms] [ERROR] ./remotion/EmpowerEveryTeam.tsx:164:6
Unterminated regexp literal
  162 |       </svg>
  163 |       </div>
> 164 |     </AbsoluteFill>
      |      ^^^^^^^^^^^^^^
  165 |   );
  166 | };
  167 |

Parsing ecmascript source code failed

Import trace:
  Client Component Browser:
    ./remotion/EmpowerEveryTeam.tsx [Client Component Browser]
    ./components/ui/RemotionEmpowerTeam.tsx [Client Component Browser]
    ./components/sections/TransformSection.tsx [Client Component Browser]
    ./components/sections/TransformSection.tsx [Server Component]
    ./app/page.tsx [Server Component] @ http://localhost:3000/_next/static/chunks/node_modules_next_dist_115brz8._.js:3272
[   25370ms] [ERROR] ./remotion/EmpowerEveryTeam.tsx:164:5
Expression expected
  162 |       </svg>
  163 |       </div>
> 164 |     </AbsoluteFill>
      |     ^
  165 |   );
  166 | };
  167 |

Parsing ecmascript source code failed

Import trace:
  Client Component Browser:
    ./remotion/EmpowerEveryTeam.tsx [Client Component Browser]
    ./components/ui/RemotionEmpowerTeam.tsx [Client Component Browser]
    ./components/sections/TransformSection.tsx [Client Component Browser]
    ./components/sections/TransformSection.tsx [Server Component]
    ./app/page.tsx [Server Component] @ http://localhost:3000/_next/static/chunks/node_modules_next_dist_115brz8._.js:3272
[   25370ms] [ERROR] ./remotion/EmpowerEveryTeam.tsx:164:6
Unterminated regexp literal
  162 |       </svg>
  163 |       </div>
> 164 |     </AbsoluteFill>
      |      ^^^^^^^^^^^^^^
  165 |   );
  166 | };
  167 |

Parsing ecmascript source code failed

Import trace:
  Client Component Browser:
    ./remotion/EmpowerEveryTeam.tsx [Client Component Browser]
    ./components/ui/RemotionEmpowerTeam.tsx [Client Component Browser]
    ./components/sections/TransformSection.tsx [Client Component Browser]
    ./components/sections/TransformSection.tsx [Server Component]
    ./app/page.tsx [Server Component] @ http://localhost:3000/_next/static/chunks/node_modules_next_dist_115brz8._.js:3272
[   25421ms] [ERROR] ./remotion/EmpowerEveryTeam.tsx:164:5
Expression expected
  162 |       </svg>
  163 |       </div>
> 164 |     </AbsoluteFill>
      |     ^
  165 |   );
  166 | };
  167 |

Parsing ecmascript source code failed

Import trace:
  Client Component Browser:
    ./remotion/EmpowerEveryTeam.tsx [Client Component Browser]
    ./components/ui/RemotionEmpowerTeam.tsx [Client Component Browser]
    ./components/sections/TransformSection.tsx [Client Component Browser]
    ./components/sections/TransformSection.tsx [Server Component]
    ./app/page.tsx [Server Component] @ http://localhost:3000/_next/static/chunks/node_modules_next_dist_115brz8._.js:3272
[   25421ms] [ERROR] ./remotion/EmpowerEveryTeam.tsx:164:6
Unterminated regexp literal
  162 |       </svg>
  163 |       </div>
> 164 |     </AbsoluteFill>
      |      ^^^^^^^^^^^^^^
  165 |   );
  166 | };
  167 |

Parsing ecmascript source code failed

Import trace:
  Client Component Browser:
    ./remotion/EmpowerEveryTeam.tsx [Client Component Browser]
    ./components/ui/RemotionEmpowerTeam.tsx [Client Component Browser]
    ./components/sections/TransformSection.tsx [Client Component Browser]
    ./components/sections/TransformSection.tsx [Server Component]
    ./app/page.tsx [Server Component] @ http://localhost:3000/_next/static/chunks/node_modules_next_dist_115brz8._.js:3272
[   25474ms] [ERROR] ./remotion/EmpowerEveryTeam.tsx:164:5
Expression expected
  162 |       </svg>
  163 |       </div>
> 164 |     </AbsoluteFill>
      |     ^
  165 |   );
  166 | };
  167 |

Parsing ecmascript source code failed

Import trace:
  Client Component Browser:
    ./remotion/EmpowerEveryTeam.tsx [Client Component Browser]
    ./components/ui/RemotionEmpowerTeam.tsx [Client Component Browser]
    ./components/sections/TransformSection.tsx [Client Component Browser]
    ./components/sections/TransformSection.tsx [Server Component]
    ./app/page.tsx [Server Component] @ http://localhost:3000/_next/static/chunks/node_modules_next_dist_115brz8._.js:3272
[   25474ms] [ERROR] ./remotion/EmpowerEveryTeam.tsx:164:6
Unterminated regexp literal
  162 |       </svg>
  163 |       </div>
> 164 |     </AbsoluteFill>
      |      ^^^^^^^^^^^^^^
  165 |   );
  166 | };
  167 |

Parsing ecmascript source code failed

Import trace:
  Client Component Browser:
    ./remotion/EmpowerEveryTeam.tsx [Client Component Browser]
    ./components/ui/RemotionEmpowerTeam.tsx [Client Component Browser]
    ./components/sections/TransformSection.tsx [Client Component Browser]
    ./components/sections/TransformSection.tsx [Server Component]
    ./app/page.tsx [Server Component] @ http://localhost:3000/_next/static/chunks/node_modules_next_dist_115brz8._.js:3272
[   25525ms] [ERROR] ./remotion/EmpowerEveryTeam.tsx:164:5
Expression expected
  162 |       </svg>
  163 |       </div>
> 164 |     </AbsoluteFill>
      |     ^
  165 |   );
  166 | };
  167 |

Parsing ecmascript source code failed

Import trace:
  Client Component Browser:
    ./remotion/EmpowerEveryTeam.tsx [Client Component Browser]
    ./components/ui/RemotionEmpowerTeam.tsx [Client Component Browser]
    ./components/sections/TransformSection.tsx [Client Component Browser]
    ./components/sections/TransformSection.tsx [Server Component]
    ./app/page.tsx [Server Component] @ http://localhost:3000/_next/static/chunks/node_modules_next_dist_115brz8._.js:3272
[   25525ms] [ERROR] ./remotion/EmpowerEveryTeam.tsx:164:6
Unterminated regexp literal
  162 |       </svg>
  163 |       </div>
> 164 |     </AbsoluteFill>
      |      ^^^^^^^^^^^^^^
  165 |   );
  166 | };
  167 |

Parsing ecmascript source code failed

Import trace:
  Client Component Browser:
    ./remotion/EmpowerEveryTeam.tsx [Client Component Browser]
    ./components/ui/RemotionEmpowerTeam.tsx [Client Component Browser]
    ./components/sections/TransformSection.tsx [Client Component Browser]
    ./components/sections/TransformSection.tsx [Server Component]
    ./app/page.tsx [Server Component] @ http://localhost:3000/_next/static/chunks/node_modules_next_dist_115brz8._.js:3272
[   25576ms] [ERROR] ./remotion/EmpowerEveryTeam.tsx:164:5
Expression expected
  162 |       </svg>
  163 |       </div>
> 164 |     </AbsoluteFill>
      |     ^
  165 |   );
  166 | };
  167 |

Parsing ecmascript source code failed

Import trace:
  Client Component Browser:
    ./remotion/EmpowerEveryTeam.tsx [Client Component Browser]
    ./components/ui/RemotionEmpowerTeam.tsx [Client Component Browser]
    ./components/sections/TransformSection.tsx [Client Component Browser]
    ./components/sections/TransformSection.tsx [Server Component]
    ./app/page.tsx [Server Component] @ http://localhost:3000/_next/static/chunks/node_modules_next_dist_115brz8._.js:3272
[   25576ms] [ERROR] ./remotion/EmpowerEveryTeam.tsx:164:6
Unterminated regexp literal
  162 |       </svg>
  163 |       </div>
> 164 |     </AbsoluteFill>
      |      ^^^^^^^^^^^^^^
  165 |   );
  166 | };
  167 |

Parsing ecmascript source code failed

Import trace:
  Client Component Browser:
    ./remotion/EmpowerEveryTeam.tsx [Client Component Browser]
    ./components/ui/RemotionEmpowerTeam.tsx [Client Component Browser]
    ./components/sections/TransformSection.tsx [Client Component Browser]
    ./components/sections/TransformSection.tsx [Server Component]
    ./app/page.tsx [Server Component] @ http://localhost:3000/_next/static/chunks/node_modules_next_dist_115brz8._.js:3272
[   25626ms] [ERROR] ./remotion/EmpowerEveryTeam.tsx:164:5
Expression expected
  162 |       </svg>
  163 |       </div>
> 164 |     </AbsoluteFill>
      |     ^
  165 |   );
  166 | };
  167 |

Parsing ecmascript source code failed

Import trace:
  Client Component Browser:
    ./remotion/EmpowerEveryTeam.tsx [Client Component Browser]
    ./components/ui/RemotionEmpowerTeam.tsx [Client Component Browser]
    ./components/sections/TransformSection.tsx [Client Component Browser]
    ./components/sections/TransformSection.tsx [Server Component]
    ./app/page.tsx [Server Component] @ http://localhost:3000/_next/static/chunks/node_modules_next_dist_115brz8._.js:3272
[   25626ms] [ERROR] ./remotion/EmpowerEveryTeam.tsx:164:6
Unterminated regexp literal
  162 |       </svg>
  163 |       </div>
> 164 |     </AbsoluteFill>
      |      ^^^^^^^^^^^^^^
  165 |   );
  166 | };
  167 |

Parsing ecmascript source code failed

Import trace:
  Client Component Browser:
    ./remotion/EmpowerEveryTeam.tsx [Client Component Browser]
    ./components/ui/RemotionEmpowerTeam.tsx [Client Component Browser]
    ./components/sections/TransformSection.tsx [Client Component Browser]
    ./components/sections/TransformSection.tsx [Server Component]
    ./app/page.tsx [Server Component] @ http://localhost:3000/_next/static/chunks/node_modules_next_dist_115brz8._.js:3272
[   25680ms] [ERROR] ./remotion/EmpowerEveryTeam.tsx:164:5
Expression expected
  162 |       </svg>
  163 |       </div>
> 164 |     </AbsoluteFill>
      |     ^
  165 |   );
  166 | };
  167 |

Parsing ecmascript source code failed

Import trace:
  Client Component Browser:
    ./remotion/EmpowerEveryTeam.tsx [Client Component Browser]
    ./components/ui/RemotionEmpowerTeam.tsx [Client Component Browser]
    ./components/sections/TransformSection.tsx [Client Component Browser]
    ./components/sections/TransformSection.tsx [Server Component]
    ./app/page.tsx [Server Component] @ http://localhost:3000/_next/static/chunks/node_modules_next_dist_115brz8._.js:3272
[   25680ms] [ERROR] ./remotion/EmpowerEveryTeam.tsx:164:6
Unterminated regexp literal
  162 |       </svg>
  163 |       </div>
> 164 |     </AbsoluteFill>
      |      ^^^^^^^^^^^^^^
  165 |   );
  166 | };
  167 |

Parsing ecmascript source code failed

Import trace:
  Client Component Browser:
    ./remotion/EmpowerEveryTeam.tsx [Client Component Browser]
    ./components/ui/RemotionEmpowerTeam.tsx [Client Component Browser]
    ./components/sections/TransformSection.tsx [Client Component Browser]
    ./components/sections/TransformSection.tsx [Server Component]
    ./app/page.tsx [Server Component] @ http://localhost:3000/_next/static/chunks/node_modules_next_dist_115brz8._.js:3272
[   25730ms] [ERROR] ./remotion/EmpowerEveryTeam.tsx:164:5
Expression expected
  162 |       </svg>
  163 |       </div>
> 164 |     </AbsoluteFill>
      |     ^
  165 |   );
  166 | };
  167 |

Parsing ecmascript source code failed

Import trace:
  Client Component Browser:
    ./remotion/EmpowerEveryTeam.tsx [Client Component Browser]
    ./components/ui/RemotionEmpowerTeam.tsx [Client Component Browser]
    ./components/sections/TransformSection.tsx [Client Component Browser]
    ./components/sections/TransformSection.tsx [Server Component]
    ./app/page.tsx [Server Component] @ http://localhost:3000/_next/static/chunks/node_modules_next_dist_115brz8._.js:3272
[   25730ms] [ERROR] ./remotion/EmpowerEveryTeam.tsx:164:6
Unterminated regexp literal
  162 |       </svg>
  163 |       </div>
> 164 |     </AbsoluteFill>
      |      ^^^^^^^^^^^^^^
  165 |   );
  166 | };
  167 |

Parsing ecmascript source code failed

Import trace:
  Client Component Browser:
    ./remotion/EmpowerEveryTeam.tsx [Client Component Browser]
    ./components/ui/RemotionEmpowerTeam.tsx [Client Component Browser]
    ./components/sections/TransformSection.tsx [Client Component Browser]
    ./components/sections/TransformSection.tsx [Server Component]
    ./app/page.tsx [Server Component] @ http://localhost:3000/_next/static/chunks/node_modules_next_dist_115brz8._.js:3272
[   25781ms] [ERROR] ./remotion/EmpowerEveryTeam.tsx:164:5
Expression expected
  162 |       </svg>
  163 |       </div>
> 164 |     </AbsoluteFill>
      |     ^
  165 |   );
  166 | };
  167 |

Parsing ecmascript source code failed

Import trace:
  Client Component Browser:
    ./remotion/EmpowerEveryTeam.tsx [Client Component Browser]
    ./components/ui/RemotionEmpowerTeam.tsx [Client Component Browser]
    ./components/sections/TransformSection.tsx [Client Component Browser]
    ./components/sections/TransformSection.tsx [Server Component]
    ./app/page.tsx [Server Component] @ http://localhost:3000/_next/static/chunks/node_modules_next_dist_115brz8._.js:3272
[   25782ms] [ERROR] ./remotion/EmpowerEveryTeam.tsx:164:6
Unterminated regexp literal
  162 |       </svg>
  163 |       </div>
> 164 |     </AbsoluteFill>
      |      ^^^^^^^^^^^^^^
  165 |   );
  166 | };
  167 |

Parsing ecmascript source code failed

Import trace:
  Client Component Browser:
    ./remotion/EmpowerEveryTeam.tsx [Client Component Browser]
    ./components/ui/RemotionEmpowerTeam.tsx [Client Component Browser]
    ./components/sections/TransformSection.tsx [Client Component Browser]
    ./components/sections/TransformSection.tsx [Server Component]
    ./app/page.tsx [Server Component] @ http://localhost:3000/_next/static/chunks/node_modules_next_dist_115brz8._.js:3272
[   25835ms] [ERROR] ./remotion/EmpowerEveryTeam.tsx:164:5
Expression expected
  162 |       </svg>
  163 |       </div>
> 164 |     </AbsoluteFill>
      |     ^
  165 |   );
  166 | };
  167 |

Parsing ecmascript source code failed

Import trace:
  Client Component Browser:
    ./remotion/EmpowerEveryTeam.tsx [Client Component Browser]
    ./components/ui/RemotionEmpowerTeam.tsx [Client Component Browser]
    ./components/sections/TransformSection.tsx [Client Component Browser]
    ./components/sections/TransformSection.tsx [Server Component]
    ./app/page.tsx [Server Component] @ http://localhost:3000/_next/static/chunks/node_modules_next_dist_115brz8._.js:3272
[   25835ms] [ERROR] ./remotion/EmpowerEveryTeam.tsx:164:6
Unterminated regexp literal
  162 |       </svg>
  163 |       </div>
> 164 |     </AbsoluteFill>
      |      ^^^^^^^^^^^^^^
  165 |   );
  166 | };
  167 |

Parsing ecmascript source code failed

Import trace:
  Client Component Browser:
    ./remotion/EmpowerEveryTeam.tsx [Client Component Browser]
    ./components/ui/RemotionEmpowerTeam.tsx [Client Component Browser]
    ./components/sections/TransformSection.tsx [Client Component Browser]
    ./components/sections/TransformSection.tsx [Server Component]
    ./app/page.tsx [Server Component] @ http://localhost:3000/_next/static/chunks/node_modules_next_dist_115brz8._.js:3272
[   25892ms] [ERROR] ./remotion/EmpowerEveryTeam.tsx:164:5
Expression expected
  162 |       </svg>
  163 |       </div>
> 164 |     </AbsoluteFill>
      |     ^
  165 |   );
  166 | };
  167 |

Parsing ecmascript source code failed

Import trace:
  Client Component Browser:
    ./remotion/EmpowerEveryTeam.tsx [Client Component Browser]
    ./components/ui/RemotionEmpowerTeam.tsx [Client Component Browser]
    ./components/sections/TransformSection.tsx [Client Component Browser]
    ./components/sections/TransformSection.tsx [Server Component]
    ./app/page.tsx [Server Component] @ http://localhost:3000/_next/static/chunks/node_modules_next_dist_115brz8._.js:3272
[   25893ms] [ERROR] ./remotion/EmpowerEveryTeam.tsx:164:6
Unterminated regexp literal
  162 |       </svg>
  163 |       </div>
> 164 |     </AbsoluteFill>
      |      ^^^^^^^^^^^^^^
  165 |   );
  166 | };
  167 |

Parsing ecmascript source code failed

Import trace:
  Client Component Browser:
    ./remotion/EmpowerEveryTeam.tsx [Client Component Browser]
    ./components/ui/RemotionEmpowerTeam.tsx [Client Component Browser]
    ./components/sections/TransformSection.tsx [Client Component Browser]
    ./components/sections/TransformSection.tsx [Server Component]
    ./app/page.tsx [Server Component] @ http://localhost:3000/_next/static/chunks/node_modules_next_dist_115brz8._.js:3272
[   25943ms] [ERROR] ./remotion/EmpowerEveryTeam.tsx:164:5
Expression expected
  162 |       </svg>
  163 |       </div>
> 164 |     </AbsoluteFill>
      |     ^
  165 |   );
  166 | };
  167 |

Parsing ecmascript source code failed

Import trace:
  Client Component Browser:
    ./remotion/EmpowerEveryTeam.tsx [Client Component Browser]
    ./components/ui/RemotionEmpowerTeam.tsx [Client Component Browser]
    ./components/sections/TransformSection.tsx [Client Component Browser]
    ./components/sections/TransformSection.tsx [Server Component]
    ./app/page.tsx [Server Component] @ http://localhost:3000/_next/static/chunks/node_modules_next_dist_115brz8._.js:3272
[   25943ms] [ERROR] ./remotion/EmpowerEveryTeam.tsx:164:6
Unterminated regexp literal
  162 |       </svg>
  163 |       </div>
> 164 |     </AbsoluteFill>
      |      ^^^^^^^^^^^^^^
  165 |   );
  166 | };
  167 |

Parsing ecmascript source code failed

Import trace:
  Client Component Browser:
    ./remotion/EmpowerEveryTeam.tsx [Client Component Browser]
    ./components/ui/RemotionEmpowerTeam.tsx [Client Component Browser]
    ./components/sections/TransformSection.tsx [Client Component Browser]
    ./components/sections/TransformSection.tsx [Server Component]
    ./app/page.tsx [Server Component] @ http://localhost:3000/_next/static/chunks/node_modules_next_dist_115brz8._.js:3272
[   26004ms] [ERROR] ./remotion/EmpowerEveryTeam.tsx:164:5
Expression expected
  162 |       </svg>
  163 |       </div>
> 164 |     </AbsoluteFill>
      |     ^
  165 |   );
  166 | };
  167 |

Parsing ecmascript source code failed

Import trace:
  Client Component Browser:
    ./remotion/EmpowerEveryTeam.tsx [Client Component Browser]
    ./components/ui/RemotionEmpowerTeam.tsx [Client Component Browser]
    ./components/sections/TransformSection.tsx [Client Component Browser]
    ./components/sections/TransformSection.tsx [Server Component]
    ./app/page.tsx [Server Component] @ http://localhost:3000/_next/static/chunks/node_modules_next_dist_115brz8._.js:3272
[   26004ms] [ERROR] ./remotion/EmpowerEveryTeam.tsx:164:6
Unterminated regexp literal
  162 |       </svg>
  163 |       </div>
> 164 |     </AbsoluteFill>
      |      ^^^^^^^^^^^^^^
  165 |   );
  166 | };
  167 |

Parsing ecmascript source code failed

Import trace:
  Client Component Browser:
    ./remotion/EmpowerEveryTeam.tsx [Client Component Browser]
    ./components/ui/RemotionEmpowerTeam.tsx [Client Component Browser]
    ./components/sections/TransformSection.tsx [Client Component Browser]
    ./components/sections/TransformSection.tsx [Server Component]
    ./app/page.tsx [Server Component] @ http://localhost:3000/_next/static/chunks/node_modules_next_dist_115brz8._.js:3272
[   26060ms] [ERROR] ./remotion/EmpowerEveryTeam.tsx:164:5
Expression expected
  162 |       </svg>
  163 |       </div>
> 164 |     </AbsoluteFill>
      |     ^
  165 |   );
  166 | };
  167 |

Parsing ecmascript source code failed

Import trace:
  Client Component Browser:
    ./remotion/EmpowerEveryTeam.tsx [Client Component Browser]
    ./components/ui/RemotionEmpowerTeam.tsx [Client Component Browser]
    ./components/sections/TransformSection.tsx [Client Component Browser]
    ./components/sections/TransformSection.tsx [Server Component]
    ./app/page.tsx [Server Component] @ http://localhost:3000/_next/static/chunks/node_modules_next_dist_115brz8._.js:3272
[   26060ms] [ERROR] ./remotion/EmpowerEveryTeam.tsx:164:6
Unterminated regexp literal
  162 |       </svg>
  163 |       </div>
> 164 |     </AbsoluteFill>
      |      ^^^^^^^^^^^^^^
  165 |   );
  166 | };
  167 |

Parsing ecmascript source code failed

Import trace:
  Client Component Browser:
    ./remotion/EmpowerEveryTeam.tsx [Client Component Browser]
    ./components/ui/RemotionEmpowerTeam.tsx [Client Component Browser]
    ./components/sections/TransformSection.tsx [Client Component Browser]
    ./components/sections/TransformSection.tsx [Server Component]
    ./app/page.tsx [Server Component] @ http://localhost:3000/_next/static/chunks/node_modules_next_dist_115brz8._.js:3272
[   26112ms] [ERROR] ./remotion/EmpowerEveryTeam.tsx:164:5
Expression expected
  162 |       </svg>
  163 |       </div>
> 164 |     </AbsoluteFill>
      |     ^
  165 |   );
  166 | };
  167 |

Parsing ecmascript source code failed

Import trace:
  Client Component Browser:
    ./remotion/EmpowerEveryTeam.tsx [Client Component Browser]
    ./components/ui/RemotionEmpowerTeam.tsx [Client Component Browser]
    ./components/sections/TransformSection.tsx [Client Component Browser]
    ./components/sections/TransformSection.tsx [Server Component]
    ./app/page.tsx [Server Component] @ http://localhost:3000/_next/static/chunks/node_modules_next_dist_115brz8._.js:3272
[   26112ms] [ERROR] ./remotion/EmpowerEveryTeam.tsx:164:6
Unterminated regexp literal
  162 |       </svg>
  163 |       </div>
> 164 |     </AbsoluteFill>
      |      ^^^^^^^^^^^^^^
  165 |   );
  166 | };
  167 |

Parsing ecmascript source code failed

Import trace:
  Client Component Browser:
    ./remotion/EmpowerEveryTeam.tsx [Client Component Browser]
    ./components/ui/RemotionEmpowerTeam.tsx [Client Component Browser]
    ./components/sections/TransformSection.tsx [Client Component Browser]
    ./components/sections/TransformSection.tsx [Server Component]
    ./app/page.tsx [Server Component] @ http://localhost:3000/_next/static/chunks/node_modules_next_dist_115brz8._.js:3272
[   26166ms] [ERROR] ./remotion/EmpowerEveryTeam.tsx:164:5
Expression expected
  162 |       </svg>
  163 |       </div>
> 164 |     </AbsoluteFill>
      |     ^
  165 |   );
  166 | };
  167 |

Parsing ecmascript source code failed

Import trace:
  Client Component Browser:
    ./remotion/EmpowerEveryTeam.tsx [Client Component Browser]
    ./components/ui/RemotionEmpowerTeam.tsx [Client Component Browser]
    ./components/sections/TransformSection.tsx [Client Component Browser]
    ./components/sections/TransformSection.tsx [Server Component]
    ./app/page.tsx [Server Component] @ http://localhost:3000/_next/static/chunks/node_modules_next_dist_115brz8._.js:3272
[   26166ms] [ERROR] ./remotion/EmpowerEveryTeam.tsx:164:6
Unterminated regexp literal
  162 |       </svg>
  163 |       </div>
> 164 |     </AbsoluteFill>
      |      ^^^^^^^^^^^^^^
  165 |   );
  166 | };
  167 |

Parsing ecmascript source code failed

Import trace:
  Client Component Browser:
    ./remotion/EmpowerEveryTeam.tsx [Client Component Browser]
    ./components/ui/RemotionEmpowerTeam.tsx [Client Component Browser]
    ./components/sections/TransformSection.tsx [Client Component Browser]
    ./components/sections/TransformSection.tsx [Server Component]
    ./app/page.tsx [Server Component] @ http://localhost:3000/_next/static/chunks/node_modules_next_dist_115brz8._.js:3272
[   26217ms] [ERROR] ./remotion/EmpowerEveryTeam.tsx:164:5
Expression expected
  162 |       </svg>
  163 |       </div>
> 164 |     </AbsoluteFill>
      |     ^
  165 |   );
  166 | };
  167 |

Parsing ecmascript source code failed

Import trace:
  Client Component Browser:
    ./remotion/EmpowerEveryTeam.tsx [Client Component Browser]
    ./components/ui/RemotionEmpowerTeam.tsx [Client Component Browser]
    ./components/sections/TransformSection.tsx [Client Component Browser]
    ./components/sections/TransformSection.tsx [Server Component]
    ./app/page.tsx [Server Component] @ http://localhost:3000/_next/static/chunks/node_modules_next_dist_115brz8._.js:3272
[   26217ms] [ERROR] ./remotion/EmpowerEveryTeam.tsx:164:6
Unterminated regexp literal
  162 |       </svg>
  163 |       </div>
> 164 |     </AbsoluteFill>
      |      ^^^^^^^^^^^^^^
  165 |   );
  166 | };
  167 |

Parsing ecmascript source code failed

Import trace:
  Client Component Browser:
    ./remotion/EmpowerEveryTeam.tsx [Client Component Browser]
    ./components/ui/RemotionEmpowerTeam.tsx [Client Component Browser]
    ./components/sections/TransformSection.tsx [Client Component Browser]
    ./components/sections/TransformSection.tsx [Server Component]
    ./app/page.tsx [Server Component] @ http://localhost:3000/_next/static/chunks/node_modules_next_dist_115brz8._.js:3272
[   26267ms] [ERROR] ./remotion/EmpowerEveryTeam.tsx:164:5
Expression expected
  162 |       </svg>
  163 |       </div>
> 164 |     </AbsoluteFill>
      |     ^
  165 |   );
  166 | };
  167 |

Parsing ecmascript source code failed

Import trace:
  Client Component Browser:
    ./remotion/EmpowerEveryTeam.tsx [Client Component Browser]
    ./components/ui/RemotionEmpowerTeam.tsx [Client Component Browser]
    ./components/sections/TransformSection.tsx [Client Component Browser]
    ./components/sections/TransformSection.tsx [Server Component]
    ./app/page.tsx [Server Component] @ http://localhost:3000/_next/static/chunks/node_modules_next_dist_115brz8._.js:3272
[   26267ms] [ERROR] ./remotion/EmpowerEveryTeam.tsx:164:6
Unterminated regexp literal
  162 |       </svg>
  163 |       </div>
> 164 |     </AbsoluteFill>
      |      ^^^^^^^^^^^^^^
  165 |   );
  166 | };
  167 |

Parsing ecmascript source code failed

Import trace:
  Client Component Browser:
    ./remotion/EmpowerEveryTeam.tsx [Client Component Browser]
    ./components/ui/RemotionEmpowerTeam.tsx [Client Component Browser]
    ./components/sections/TransformSection.tsx [Client Component Browser]
    ./components/sections/TransformSection.tsx [Server Component]
    ./app/page.tsx [Server Component] @ http://localhost:3000/_next/static/chunks/node_modules_next_dist_115brz8._.js:3272
[   26321ms] [ERROR] ./remotion/EmpowerEveryTeam.tsx:164:5
Expression expected
  162 |       </svg>
  163 |       </div>
> 164 |     </AbsoluteFill>
      |     ^
  165 |   );
  166 | };
  167 |

Parsing ecmascript source code failed

Import trace:
  Client Component Browser:
    ./remotion/EmpowerEveryTeam.tsx [Client Component Browser]
    ./components/ui/RemotionEmpowerTeam.tsx [Client Component Browser]
    ./components/sections/TransformSection.tsx [Client Component Browser]
    ./components/sections/TransformSection.tsx [Server Component]
    ./app/page.tsx [Server Component] @ http://localhost:3000/_next/static/chunks/node_modules_next_dist_115brz8._.js:3272
[   26321ms] [ERROR] ./remotion/EmpowerEveryTeam.tsx:164:6
Unterminated regexp literal
  162 |       </svg>
  163 |       </div>
> 164 |     </AbsoluteFill>
      |      ^^^^^^^^^^^^^^
  165 |   );
  166 | };
  167 |

Parsing ecmascript source code failed

Import trace:
  Client Component Browser:
    ./remotion/EmpowerEveryTeam.tsx [Client Component Browser]
    ./components/ui/RemotionEmpowerTeam.tsx [Client Component Browser]
    ./components/sections/TransformSection.tsx [Client Component Browser]
    ./components/sections/TransformSection.tsx [Server Component]
    ./app/page.tsx [Server Component] @ http://localhost:3000/_next/static/chunks/node_modules_next_dist_115brz8._.js:3272
[   26369ms] [ERROR] ./remotion/EmpowerEveryTeam.tsx:164:5
Expression expected
  162 |       </svg>
  163 |       </div>
> 164 |     </AbsoluteFill>
      |     ^
  165 |   );
  166 | };
  167 |

Parsing ecmascript source code failed

Import trace:
  Client Component Browser:
    ./remotion/EmpowerEveryTeam.tsx [Client Component Browser]
    ./components/ui/RemotionEmpowerTeam.tsx [Client Component Browser]
    ./components/sections/TransformSection.tsx [Client Component Browser]
    ./components/sections/TransformSection.tsx [Server Component]
    ./app/page.tsx [Server Component] @ http://localhost:3000/_next/static/chunks/node_modules_next_dist_115brz8._.js:3272
[   26370ms] [ERROR] ./remotion/EmpowerEveryTeam.tsx:164:6
Unterminated regexp literal
  162 |       </svg>
  163 |       </div>
> 164 |     </AbsoluteFill>
      |      ^^^^^^^^^^^^^^
  165 |   );
  166 | };
  167 |

Parsing ecmascript source code failed

Import trace:
  Client Component Browser:
    ./remotion/EmpowerEveryTeam.tsx [Client Component Browser]
    ./components/ui/RemotionEmpowerTeam.tsx [Client Component Browser]
    ./components/sections/TransformSection.tsx [Client Component Browser]
    ./components/sections/TransformSection.tsx [Server Component]
    ./app/page.tsx [Server Component] @ http://localhost:3000/_next/static/chunks/node_modules_next_dist_115brz8._.js:3272
[   26421ms] [ERROR] ./remotion/EmpowerEveryTeam.tsx:164:5
Expression expected
  162 |       </svg>
  163 |       </div>
> 164 |     </AbsoluteFill>
      |     ^
  165 |   );
  166 | };
  167 |

Parsing ecmascript source code failed

Import trace:
  Client Component Browser:
    ./remotion/EmpowerEveryTeam.tsx [Client Component Browser]
    ./components/ui/RemotionEmpowerTeam.tsx [Client Component Browser]
    ./components/sections/TransformSection.tsx [Client Component Browser]
    ./components/sections/TransformSection.tsx [Server Component]
    ./app/page.tsx [Server Component] @ http://localhost:3000/_next/static/chunks/node_modules_next_dist_115brz8._.js:3272
[   26421ms] [ERROR] ./remotion/EmpowerEveryTeam.tsx:164:6
Unterminated regexp literal
  162 |       </svg>
  163 |       </div>
> 164 |     </AbsoluteFill>
      |      ^^^^^^^^^^^^^^
  165 |   );
  166 | };
  167 |

Parsing ecmascript source code failed

Import trace:
  Client Component Browser:
    ./remotion/EmpowerEveryTeam.tsx [Client Component Browser]
    ./components/ui/RemotionEmpowerTeam.tsx [Client Component Browser]
    ./components/sections/TransformSection.tsx [Client Component Browser]
    ./components/sections/TransformSection.tsx [Server Component]
    ./app/page.tsx [Server Component] @ http://localhost:3000/_next/static/chunks/node_modules_next_dist_115brz8._.js:3272
[   26474ms] [ERROR] ./remotion/EmpowerEveryTeam.tsx:164:5
Expression expected
  162 |       </svg>
  163 |       </div>
> 164 |     </AbsoluteFill>
      |     ^
  165 |   );
  166 | };
  167 |

Parsing ecmascript source code failed

Import trace:
  Client Component Browser:
    ./remotion/EmpowerEveryTeam.tsx [Client Component Browser]
    ./components/ui/RemotionEmpowerTeam.tsx [Client Component Browser]
    ./components/sections/TransformSection.tsx [Client Component Browser]
    ./components/sections/TransformSection.tsx [Server Component]
    ./app/page.tsx [Server Component] @ http://localhost:3000/_next/static/chunks/node_modules_next_dist_115brz8._.js:3272
[   26474ms] [ERROR] ./remotion/EmpowerEveryTeam.tsx:164:6
Unterminated regexp literal
  162 |       </svg>
  163 |       </div>
> 164 |     </AbsoluteFill>
      |      ^^^^^^^^^^^^^^
  165 |   );
  166 | };
  167 |

Parsing ecmascript source code failed

Import trace:
  Client Component Browser:
    ./remotion/EmpowerEveryTeam.tsx [Client Component Browser]
    ./components/ui/RemotionEmpowerTeam.tsx [Client Component Browser]
    ./components/sections/TransformSection.tsx [Client Component Browser]
    ./components/sections/TransformSection.tsx [Server Component]
    ./app/page.tsx [Server Component] @ http://localhost:3000/_next/static/chunks/node_modules_next_dist_115brz8._.js:3272
[   26526ms] [ERROR] ./remotion/EmpowerEveryTeam.tsx:164:5
Expression expected
  162 |       </svg>
  163 |       </div>
> 164 |     </AbsoluteFill>
      |     ^
  165 |   );
  166 | };
  167 |

Parsing ecmascript source code failed

Import trace:
  Client Component Browser:
    ./remotion/EmpowerEveryTeam.tsx [Client Component Browser]
    ./components/ui/RemotionEmpowerTeam.tsx [Client Component Browser]
    ./components/sections/TransformSection.tsx [Client Component Browser]
    ./components/sections/TransformSection.tsx [Server Component]
    ./app/page.tsx [Server Component] @ http://localhost:3000/_next/static/chunks/node_modules_next_dist_115brz8._.js:3272
[   26526ms] [ERROR] ./remotion/EmpowerEveryTeam.tsx:164:6
Unterminated regexp literal
  162 |       </svg>
  163 |       </div>
> 164 |     </AbsoluteFill>
      |      ^^^^^^^^^^^^^^
  165 |   );
  166 | };
  167 |

Parsing ecmascript source code failed

Import trace:
  Client Component Browser:
    ./remotion/EmpowerEveryTeam.tsx [Client Component Browser]
    ./components/ui/RemotionEmpowerTeam.tsx [Client Component Browser]
    ./components/sections/TransformSection.tsx [Client Component Browser]
    ./components/sections/TransformSection.tsx [Server Component]
    ./app/page.tsx [Server Component] @ http://localhost:3000/_next/static/chunks/node_modules_next_dist_115brz8._.js:3272
[   26576ms] [ERROR] ./remotion/EmpowerEveryTeam.tsx:164:5
Expression expected
  162 |       </svg>
  163 |       </div>
> 164 |     </AbsoluteFill>
      |     ^
  165 |   );
  166 | };
  167 |

Parsing ecmascript source code failed

Import trace:
  Client Component Browser:
    ./remotion/EmpowerEveryTeam.tsx [Client Component Browser]
    ./components/ui/RemotionEmpowerTeam.tsx [Client Component Browser]
    ./components/sections/TransformSection.tsx [Client Component Browser]
    ./components/sections/TransformSection.tsx [Server Component]
    ./app/page.tsx [Server Component] @ http://localhost:3000/_next/static/chunks/node_modules_next_dist_115brz8._.js:3272
[   26576ms] [ERROR] ./remotion/EmpowerEveryTeam.tsx:164:6
Unterminated regexp literal
  162 |       </svg>
  163 |       </div>
> 164 |     </AbsoluteFill>
      |      ^^^^^^^^^^^^^^
  165 |   );
  166 | };
  167 |

Parsing ecmascript source code failed

Import trace:
  Client Component Browser:
    ./remotion/EmpowerEveryTeam.tsx [Client Component Browser]
    ./components/ui/RemotionEmpowerTeam.tsx [Client Component Browser]
    ./components/sections/TransformSection.tsx [Client Component Browser]
    ./components/sections/TransformSection.tsx [Server Component]
    ./app/page.tsx [Server Component] @ http://localhost:3000/_next/static/chunks/node_modules_next_dist_115brz8._.js:3272
[   26634ms] [ERROR] ./remotion/EmpowerEveryTeam.tsx:164:5
Expression expected
  162 |       </svg>
  163 |       </div>
> 164 |     </AbsoluteFill>
      |     ^
  165 |   );
  166 | };
  167 |

Parsing ecmascript source code failed

Import trace:
  Client Component Browser:
    ./remotion/EmpowerEveryTeam.tsx [Client Component Browser]
    ./components/ui/RemotionEmpowerTeam.tsx [Client Component Browser]
    ./components/sections/TransformSection.tsx [Client Component Browser]
    ./components/sections/TransformSection.tsx [Server Component]
    ./app/page.tsx [Server Component] @ http://localhost:3000/_next/static/chunks/node_modules_next_dist_115brz8._.js:3272
[   26634ms] [ERROR] ./remotion/EmpowerEveryTeam.tsx:164:6
Unterminated regexp literal
  162 |       </svg>
  163 |       </div>
> 164 |     </AbsoluteFill>
      |      ^^^^^^^^^^^^^^
  165 |   );
  166 | };
  167 |

Parsing ecmascript source code failed

Import trace:
  Client Component Browser:
    ./remotion/EmpowerEveryTeam.tsx [Client Component Browser]
    ./components/ui/RemotionEmpowerTeam.tsx [Client Component Browser]
    ./components/sections/TransformSection.tsx [Client Component Browser]
    ./components/sections/TransformSection.tsx [Server Component]
    ./app/page.tsx [Server Component] @ http://localhost:3000/_next/static/chunks/node_modules_next_dist_115brz8._.js:3272
[   26684ms] [ERROR] ./remotion/EmpowerEveryTeam.tsx:164:5
Expression expected
  162 |       </svg>
  163 |       </div>
> 164 |     </AbsoluteFill>
      |     ^
  165 |   );
  166 | };
  167 |

Parsing ecmascript source code failed

Import trace:
  Client Component Browser:
    ./remotion/EmpowerEveryTeam.tsx [Client Component Browser]
    ./components/ui/RemotionEmpowerTeam.tsx [Client Component Browser]
    ./components/sections/TransformSection.tsx [Client Component Browser]
    ./components/sections/TransformSection.tsx [Server Component]
    ./app/page.tsx [Server Component] @ http://localhost:3000/_next/static/chunks/node_modules_next_dist_115brz8._.js:3272
[   26684ms] [ERROR] ./remotion/EmpowerEveryTeam.tsx:164:6
Unterminated regexp literal
  162 |       </svg>
  163 |       </div>
> 164 |     </AbsoluteFill>
      |      ^^^^^^^^^^^^^^
  165 |   );
  166 | };
  167 |

Parsing ecmascript source code failed

Import trace:
  Client Component Browser:
    ./remotion/EmpowerEveryTeam.tsx [Client Component Browser]
    ./components/ui/RemotionEmpowerTeam.tsx [Client Component Browser]
    ./components/sections/TransformSection.tsx [Client Component Browser]
    ./components/sections/TransformSection.tsx [Server Component]
    ./app/page.tsx [Server Component] @ http://localhost:3000/_next/static/chunks/node_modules_next_dist_115brz8._.js:3272
[   26734ms] [ERROR] ./remotion/EmpowerEveryTeam.tsx:164:5
Expression expected
  162 |       </svg>
  163 |       </div>
> 164 |     </AbsoluteFill>
      |     ^
  165 |   );
  166 | };
  167 |

Parsing ecmascript source code failed

Import trace:
  Client Component Browser:
    ./remotion/EmpowerEveryTeam.tsx [Client Component Browser]
    ./components/ui/RemotionEmpowerTeam.tsx [Client Component Browser]
    ./components/sections/TransformSection.tsx [Client Component Browser]
    ./components/sections/TransformSection.tsx [Server Component]
    ./app/page.tsx [Server Component] @ http://localhost:3000/_next/static/chunks/node_modules_next_dist_115brz8._.js:3272
[   26734ms] [ERROR] ./remotion/EmpowerEveryTeam.tsx:164:6
Unterminated regexp literal
  162 |       </svg>
  163 |       </div>
> 164 |     </AbsoluteFill>
      |      ^^^^^^^^^^^^^^
  165 |   );
  166 | };
  167 |

Parsing ecmascript source code failed

Import trace:
  Client Component Browser:
    ./remotion/EmpowerEveryTeam.tsx [Client Component Browser]
    ./components/ui/RemotionEmpowerTeam.tsx [Client Component Browser]
    ./components/sections/TransformSection.tsx [Client Component Browser]
    ./components/sections/TransformSection.tsx [Server Component]
    ./app/page.tsx [Server Component] @ http://localhost:3000/_next/static/chunks/node_modules_next_dist_115brz8._.js:3272
[   26785ms] [ERROR] ./remotion/EmpowerEveryTeam.tsx:164:5
Expression expected
  162 |       </svg>
  163 |       </div>
> 164 |     </AbsoluteFill>
      |     ^
  165 |   );
  166 | };
  167 |

Parsing ecmascript source code failed

Import trace:
  Client Component Browser:
    ./remotion/EmpowerEveryTeam.tsx [Client Component Browser]
    ./components/ui/RemotionEmpowerTeam.tsx [Client Component Browser]
    ./components/sections/TransformSection.tsx [Client Component Browser]
    ./components/sections/TransformSection.tsx [Server Component]
    ./app/page.tsx [Server Component] @ http://localhost:3000/_next/static/chunks/node_modules_next_dist_115brz8._.js:3272
[   26785ms] [ERROR] ./remotion/EmpowerEveryTeam.tsx:164:6
Unterminated regexp literal
  162 |       </svg>
  163 |       </div>
> 164 |     </AbsoluteFill>
      |      ^^^^^^^^^^^^^^
  165 |   );
  166 | };
  167 |

Parsing ecmascript source code failed

Import trace:
  Client Component Browser:
    ./remotion/EmpowerEveryTeam.tsx [Client Component Browser]
    ./components/ui/RemotionEmpowerTeam.tsx [Client Component Browser]
    ./components/sections/TransformSection.tsx [Client Component Browser]
    ./components/sections/TransformSection.tsx [Server Component]
    ./app/page.tsx [Server Component] @ http://localhost:3000/_next/static/chunks/node_modules_next_dist_115brz8._.js:3272
[   26837ms] [ERROR] ./remotion/EmpowerEveryTeam.tsx:164:5
Expression expected
  162 |       </svg>
  163 |       </div>
> 164 |     </AbsoluteFill>
      |     ^
  165 |   );
  166 | };
  167 |

Parsing ecmascript source code failed

Import trace:
  Client Component Browser:
    ./remotion/EmpowerEveryTeam.tsx [Client Component Browser]
    ./components/ui/RemotionEmpowerTeam.tsx [Client Component Browser]
    ./components/sections/TransformSection.tsx [Client Component Browser]
    ./components/sections/TransformSection.tsx [Server Component]
    ./app/page.tsx [Server Component] @ http://localhost:3000/_next/static/chunks/node_modules_next_dist_115brz8._.js:3272
[   26837ms] [ERROR] ./remotion/EmpowerEveryTeam.tsx:164:6
Unterminated regexp literal
  162 |       </svg>
  163 |       </div>
> 164 |     </AbsoluteFill>
      |      ^^^^^^^^^^^^^^
  165 |   );
  166 | };
  167 |

Parsing ecmascript source code failed

Import trace:
  Client Component Browser:
    ./remotion/EmpowerEveryTeam.tsx [Client Component Browser]
    ./components/ui/RemotionEmpowerTeam.tsx [Client Component Browser]
    ./components/sections/TransformSection.tsx [Client Component Browser]
    ./components/sections/TransformSection.tsx [Server Component]
    ./app/page.tsx [Server Component] @ http://localhost:3000/_next/static/chunks/node_modules_next_dist_115brz8._.js:3272
[   26887ms] [ERROR] ./remotion/EmpowerEveryTeam.tsx:164:5
Expression expected
  162 |       </svg>
  163 |       </div>
> 164 |     </AbsoluteFill>
      |     ^
  165 |   );
  166 | };
  167 |

Parsing ecmascript source code failed

Import trace:
  Client Component Browser:
    ./remotion/EmpowerEveryTeam.tsx [Client Component Browser]
    ./components/ui/RemotionEmpowerTeam.tsx [Client Component Browser]
    ./components/sections/TransformSection.tsx [Client Component Browser]
    ./components/sections/TransformSection.tsx [Server Component]
    ./app/page.tsx [Server Component] @ http://localhost:3000/_next/static/chunks/node_modules_next_dist_115brz8._.js:3272
[   26887ms] [ERROR] ./remotion/EmpowerEveryTeam.tsx:164:6
Unterminated regexp literal
  162 |       </svg>
  163 |       </div>
> 164 |     </AbsoluteFill>
      |      ^^^^^^^^^^^^^^
  165 |   );
  166 | };
  167 |

Parsing ecmascript source code failed

Import trace:
  Client Component Browser:
    ./remotion/EmpowerEveryTeam.tsx [Client Component Browser]
    ./components/ui/RemotionEmpowerTeam.tsx [Client Component Browser]
    ./components/sections/TransformSection.tsx [Client Component Browser]
    ./components/sections/TransformSection.tsx [Server Component]
    ./app/page.tsx [Server Component] @ http://localhost:3000/_next/static/chunks/node_modules_next_dist_115brz8._.js:3272
[   26937ms] [ERROR] ./remotion/EmpowerEveryTeam.tsx:164:5
Expression expected
  162 |       </svg>
  163 |       </div>
> 164 |     </AbsoluteFill>
      |     ^
  165 |   );
  166 | };
  167 |

Parsing ecmascript source code failed

Import trace:
  Client Component Browser:
    ./remotion/EmpowerEveryTeam.tsx [Client Component Browser]
    ./components/ui/RemotionEmpowerTeam.tsx [Client Component Browser]
    ./components/sections/TransformSection.tsx [Client Component Browser]
    ./components/sections/TransformSection.tsx [Server Component]
    ./app/page.tsx [Server Component] @ http://localhost:3000/_next/static/chunks/node_modules_next_dist_115brz8._.js:3272
[   26937ms] [ERROR] ./remotion/EmpowerEveryTeam.tsx:164:6
Unterminated regexp literal
  162 |       </svg>
  163 |       </div>
> 164 |     </AbsoluteFill>
      |      ^^^^^^^^^^^^^^
  165 |   );
  166 | };
  167 |

Parsing ecmascript source code failed

Import trace:
  Client Component Browser:
    ./remotion/EmpowerEveryTeam.tsx [Client Component Browser]
    ./components/ui/RemotionEmpowerTeam.tsx [Client Component Browser]
    ./components/sections/TransformSection.tsx [Client Component Browser]
    ./components/sections/TransformSection.tsx [Server Component]
    ./app/page.tsx [Server Component] @ http://localhost:3000/_next/static/chunks/node_modules_next_dist_115brz8._.js:3272
[   26992ms] [ERROR] ./remotion/EmpowerEveryTeam.tsx:164:5
Expression expected
  162 |       </svg>
  163 |       </div>
> 164 |     </AbsoluteFill>
      |     ^
  165 |   );
  166 | };
  167 |

Parsing ecmascript source code failed

Import trace:
  Client Component Browser:
    ./remotion/EmpowerEveryTeam.tsx [Client Component Browser]
    ./components/ui/RemotionEmpowerTeam.tsx [Client Component Browser]
    ./components/sections/TransformSection.tsx [Client Component Browser]
    ./components/sections/TransformSection.tsx [Server Component]
    ./app/page.tsx [Server Component] @ http://localhost:3000/_next/static/chunks/node_modules_next_dist_115brz8._.js:3272
[   26992ms] [ERROR] ./remotion/EmpowerEveryTeam.tsx:164:6
Unterminated regexp literal
  162 |       </svg>
  163 |       </div>
> 164 |     </AbsoluteFill>
      |      ^^^^^^^^^^^^^^
  165 |   );
  166 | };
  167 |

Parsing ecmascript source code failed

Import trace:
  Client Component Browser:
    ./remotion/EmpowerEveryTeam.tsx [Client Component Browser]
    ./components/ui/RemotionEmpowerTeam.tsx [Client Component Browser]
    ./components/sections/TransformSection.tsx [Client Component Browser]
    ./components/sections/TransformSection.tsx [Server Component]
    ./app/page.tsx [Server Component] @ http://localhost:3000/_next/static/chunks/node_modules_next_dist_115brz8._.js:3272
[   27041ms] [ERROR] ./remotion/EmpowerEveryTeam.tsx:164:5
Expression expected
  162 |       </svg>
  163 |       </div>
> 164 |     </AbsoluteFill>
      |     ^
  165 |   );
  166 | };
  167 |

Parsing ecmascript source code failed

Import trace:
  Client Component Browser:
    ./remotion/EmpowerEveryTeam.tsx [Client Component Browser]
    ./components/ui/RemotionEmpowerTeam.tsx [Client Component Browser]
    ./components/sections/TransformSection.tsx [Client Component Browser]
    ./components/sections/TransformSection.tsx [Server Component]
    ./app/page.tsx [Server Component] @ http://localhost:3000/_next/static/chunks/node_modules_next_dist_115brz8._.js:3272
[   27041ms] [ERROR] ./remotion/EmpowerEveryTeam.tsx:164:6
Unterminated regexp literal
  162 |       </svg>
  163 |       </div>
> 164 |     </AbsoluteFill>
      |      ^^^^^^^^^^^^^^
  165 |   );
  166 | };
  167 |

Parsing ecmascript source code failed

Import trace:
  Client Component Browser:
    ./remotion/EmpowerEveryTeam.tsx [Client Component Browser]
    ./components/ui/RemotionEmpowerTeam.tsx [Client Component Browser]
    ./components/sections/TransformSection.tsx [Client Component Browser]
    ./components/sections/TransformSection.tsx [Server Component]
    ./app/page.tsx [Server Component] @ http://localhost:3000/_next/static/chunks/node_modules_next_dist_115brz8._.js:3272
[   27093ms] [ERROR] ./remotion/EmpowerEveryTeam.tsx:164:5
Expression expected
  162 |       </svg>
  163 |       </div>
> 164 |     </AbsoluteFill>
      |     ^
  165 |   );
  166 | };
  167 |

Parsing ecmascript source code failed

Import trace:
  Client Component Browser:
    ./remotion/EmpowerEveryTeam.tsx [Client Component Browser]
    ./components/ui/RemotionEmpowerTeam.tsx [Client Component Browser]
    ./components/sections/TransformSection.tsx [Client Component Browser]
    ./components/sections/TransformSection.tsx [Server Component]
    ./app/page.tsx [Server Component] @ http://localhost:3000/_next/static/chunks/node_modules_next_dist_115brz8._.js:3272
[   27093ms] [ERROR] ./remotion/EmpowerEveryTeam.tsx:164:6
Unterminated regexp literal
  162 |       </svg>
  163 |       </div>
> 164 |     </AbsoluteFill>
      |      ^^^^^^^^^^^^^^
  165 |   );
  166 | };
  167 |

Parsing ecmascript source code failed

Import trace:
  Client Component Browser:
    ./remotion/EmpowerEveryTeam.tsx [Client Component Browser]
    ./components/ui/RemotionEmpowerTeam.tsx [Client Component Browser]
    ./components/sections/TransformSection.tsx [Client Component Browser]
    ./components/sections/TransformSection.tsx [Server Component]
    ./app/page.tsx [Server Component] @ http://localhost:3000/_next/static/chunks/node_modules_next_dist_115brz8._.js:3272
