[     175ms] [INFO] %cDownload the React DevTools for a better development experience: https://react.dev/link/react-devtools font-weight:bold @ http://localhost:3000/_next/static/chunks/node_modules_next_dist_115brz8._.js:2431
[     187ms] [LOG] [HMR] connected @ http://localhost:3000/_next/static/chunks/node_modules_next_dist_115brz8._.js:2431
[     272ms] [WARNING] Image with src "http://localhost:3000/product/agent-studio-table.svg" has either width or height modified, but not the other. If you use CSS to change the size of your image, also include the styles 'width: "auto"' or 'height: "auto"' to maintain the aspect ratio. @ http://localhost:3000/_next/static/chunks/node_modules_next_dist_115brz8._.js:2431
[     288ms] [WARNING] Image with src "/logos/future kid.png" has either width or height modified, but not the other. If you use CSS to change the size of your image, also include the styles 'width: "auto"' or 'height: "auto"' to maintain the aspect ratio. @ http://localhost:3000/_next/static/chunks/node_modules_next_dist_115brz8._.js:2431
[     376ms] [WARNING] EncodingError: The source image cannot be decoded. @ http://localhost:3000/_next/static/chunks/node_modules_next_dist_115brz8._.js:2431
[     376ms] [WARNING] EncodingError: The source image cannot be decoded. @ http://localhost:3000/_next/static/chunks/node_modules_next_dist_115brz8._.js:2431
[     376ms] [WARNING] EncodingError: The source image cannot be decoded. @ http://localhost:3000/_next/static/chunks/node_modules_next_dist_115brz8._.js:2431
[     376ms] [WARNING] EncodingError: The source image cannot be decoded. @ http://localhost:3000/_next/static/chunks/node_modules_next_dist_115brz8._.js:2431
[     376ms] [WARNING] EncodingError: The source image cannot be decoded. @ http://localhost:3000/_next/static/chunks/node_modules_next_dist_115brz8._.js:2431
[     376ms] [WARNING] EncodingError: The source image cannot be decoded. @ http://localhost:3000/_next/static/chunks/node_modules_next_dist_115brz8._.js:2431
[     376ms] [WARNING] EncodingError: The source image cannot be decoded. @ http://localhost:3000/_next/static/chunks/node_modules_next_dist_115brz8._.js:2431
[   12098ms] [LOG] [Fast Refresh] rebuilding @ http://localhost:3000/_next/static/chunks/node_modules_next_dist_115brz8._.js:2431
[   12127ms] [LOG] [Fast Refresh] done in 36ms @ http://localhost:3000/_next/static/chunks/node_modules_next_dist_115brz8._.js:2431
[   16886ms] [LOG] [Fast Refresh] rebuilding @ http://localhost:3000/_next/static/chunks/node_modules_next_dist_115brz8._.js:2431
[   16944ms] [LOG] [Fast Refresh] done in 43ms @ http://localhost:3000/_next/static/chunks/node_modules_next_dist_115brz8._.js:2431
[   23245ms] [LOG] [Fast Refresh] rebuilding @ http://localhost:3000/_next/static/chunks/node_modules_next_dist_115brz8._.js:2431
[   23267ms] [WARNING] EncodingError: The source image cannot be decoded. @ http://localhost:3000/_next/static/chunks/node_modules_next_dist_115brz8._.js:2431
[   23267ms] [WARNING] EncodingError: The source image cannot be decoded. @ http://localhost:3000/_next/static/chunks/node_modules_next_dist_115brz8._.js:2431
[   23267ms] [WARNING] EncodingError: The source image cannot be decoded. @ http://localhost:3000/_next/static/chunks/node_modules_next_dist_115brz8._.js:2431
[   23267ms] [WARNING] EncodingError: The source image cannot be decoded. @ http://localhost:3000/_next/static/chunks/node_modules_next_dist_115brz8._.js:2431
[   23267ms] [WARNING] EncodingError: The source image cannot be decoded. @ http://localhost:3000/_next/static/chunks/node_modules_next_dist_115brz8._.js:2431
[   23267ms] [WARNING] EncodingError: The source image cannot be decoded. @ http://localhost:3000/_next/static/chunks/node_modules_next_dist_115brz8._.js:2431
[   23267ms] [WARNING] EncodingError: The source image cannot be decoded. @ http://localhost:3000/_next/static/chunks/node_modules_next_dist_115brz8._.js:2431
[   23267ms] [WARNING] EncodingError: The source image cannot be decoded. @ http://localhost:3000/_next/static/chunks/node_modules_next_dist_115brz8._.js:2431
[   23305ms] [LOG] [Fast Refresh] done in 37ms @ http://localhost:3000/_next/static/chunks/node_modules_next_dist_115brz8._.js:2431
