[     289ms] [ERROR] Failed to load resource: the server responded with a status of 404 (Not Found) @ http://localhost:3004/photos/headshots/caryn-seidman-clear.webp:0
[     321ms] [ERROR] Failed to load resource: the server responded with a status of 404 (Not Found) @ http://localhost:3004/photos/headshots/kit-garton-headshot.png:0
[     323ms] [ERROR] Failed to load resource: the server responded with a status of 404 (Not Found) @ http://localhost:3004/photos/headshots/leala-francis.png:0
[     436ms] [ERROR] Failed to load resource: the server responded with a status of 404 (Not Found) @ http://localhost:3004/photos/headshots/telecom-headshot.png:0
[     439ms] [ERROR] Failed to load resource: the server responded with a status of 404 (Not Found) @ http://localhost:3004/photos/headshots/maureen-martin-weightwatchers.png:0
[     453ms] [INFO] %cDownload the React DevTools for a better development experience: https://react.dev/link/react-devtools font-weight:bold @ http://localhost:3004/_next/static/chunks/node_modules_next_dist_115brz8._.js:2431
[     471ms] [LOG] [HMR] connected @ http://localhost:3004/_next/static/chunks/node_modules_next_dist_115brz8._.js:2431
[     592ms] [WARNING] Image with src "http://localhost:3004/product/agent-studio-table.svg" has either width or height modified, but not the other. If you use CSS to change the size of your image, also include the styles 'width: "auto"' or 'height: "auto"' to maintain the aspect ratio. @ http://localhost:3004/_next/static/chunks/node_modules_next_dist_115brz8._.js:2431
[     617ms] [WARNING] Note: Some companies are required to obtain a license to use Remotion. See: https://remotion.dev/license
Pass the `acknowledgeRemotionLicense` prop to `<Player />` function to make this message disappear. @ http://localhost:3004/_next/static/chunks/node_modules_next_dist_115brz8._.js:2431
[     684ms] [WARNING] EncodingError: The source image cannot be decoded. @ http://localhost:3004/_next/static/chunks/node_modules_next_dist_115brz8._.js:2431
[     684ms] [WARNING] EncodingError: The source image cannot be decoded. @ http://localhost:3004/_next/static/chunks/node_modules_next_dist_115brz8._.js:2431
[     684ms] [WARNING] EncodingError: The source image cannot be decoded. @ http://localhost:3004/_next/static/chunks/node_modules_next_dist_115brz8._.js:2431
[     685ms] [WARNING] EncodingError: The source image cannot be decoded. @ http://localhost:3004/_next/static/chunks/node_modules_next_dist_115brz8._.js:2431
[     685ms] [WARNING] EncodingError: The source image cannot be decoded. @ http://localhost:3004/_next/static/chunks/node_modules_next_dist_115brz8._.js:2431
[     685ms] [WARNING] EncodingError: The source image cannot be decoded. @ http://localhost:3004/_next/static/chunks/node_modules_next_dist_115brz8._.js:2431
[     685ms] [WARNING] EncodingError: The source image cannot be decoded. @ http://localhost:3004/_next/static/chunks/node_modules_next_dist_115brz8._.js:2431
[   94437ms] [LOG] [Fast Refresh] rebuilding @ http://localhost:3004/_next/static/chunks/node_modules_next_dist_115brz8._.js:2431
[   94526ms] [LOG] [Fast Refresh] done in 141ms @ http://localhost:3004/_next/static/chunks/node_modules_next_dist_115brz8._.js:2431
[  188011ms] [LOG] [Fast Refresh] rebuilding @ http://localhost:3004/_next/static/chunks/node_modules_next_dist_115brz8._.js:2431
[  188053ms] [LOG] [Fast Refresh] done in 135ms @ http://localhost:3004/_next/static/chunks/node_modules_next_dist_115brz8._.js:2431
[  202179ms] [LOG] [Fast Refresh] rebuilding @ http://localhost:3004/_next/static/chunks/node_modules_next_dist_115brz8._.js:2431
[  202202ms] [LOG] [Fast Refresh] done in 60ms @ http://localhost:3004/_next/static/chunks/node_modules_next_dist_115brz8._.js:2431
[  212563ms] [LOG] [Fast Refresh] rebuilding @ http://localhost:3004/_next/static/chunks/node_modules_next_dist_115brz8._.js:2431
[  212613ms] [LOG] [Fast Refresh] done in 102ms @ http://localhost:3004/_next/static/chunks/node_modules_next_dist_115brz8._.js:2431
[  219335ms] [LOG] [Fast Refresh] rebuilding @ http://localhost:3004/_next/static/chunks/node_modules_next_dist_115brz8._.js:2431
[  219383ms] [LOG] [Fast Refresh] done in 55ms @ http://localhost:3004/_next/static/chunks/node_modules_next_dist_115brz8._.js:2431
[  228768ms] [LOG] [Fast Refresh] rebuilding @ http://localhost:3004/_next/static/chunks/node_modules_next_dist_115brz8._.js:2431
[  228790ms] [LOG] [Fast Refresh] done in 119ms @ http://localhost:3004/_next/static/chunks/node_modules_next_dist_115brz8._.js:2431
