[     167ms] [LOG] [Fast Refresh] rebuilding @ http://localhost:3004/_next/static/chunks/node_modules_next_dist_115brz8._.js:2431
[     168ms] [LOG] [Fast Refresh] done in 102ms @ http://localhost:3004/_next/static/chunks/node_modules_next_dist_115brz8._.js:2431
[     407ms] [ERROR] Failed to load resource: the server responded with a status of 404 (Not Found) @ http://localhost:3004/photos/headshots/telecom-headshot.png:0
[     408ms] [ERROR] Failed to load resource: the server responded with a status of 404 (Not Found) @ http://localhost:3004/photos/headshots/maureen-martin-weightwatchers.png:0
[     409ms] [ERROR] Failed to load resource: the server responded with a status of 404 (Not Found) @ http://localhost:3004/photos/headshots/leala-francis.png:0
[     409ms] [ERROR] Failed to load resource: the server responded with a status of 404 (Not Found) @ http://localhost:3004/photos/headshots/kit-garton-headshot.png:0
[     410ms] [ERROR] Failed to load resource: the server responded with a status of 404 (Not Found) @ http://localhost:3004/photos/headshots/caryn-seidman-clear.webp:0
[     481ms] [INFO] %cDownload the React DevTools for a better development experience: https://react.dev/link/react-devtools font-weight:bold @ http://localhost:3004/_next/static/chunks/node_modules_next_dist_115brz8._.js:2431
[     503ms] [LOG] [HMR] connected @ http://localhost:3004/_next/static/chunks/node_modules_next_dist_115brz8._.js:2431
[     728ms] [WARNING] Image with src "http://localhost:3004/product/agent-studio-table.svg" has either width or height modified, but not the other. If you use CSS to change the size of your image, also include the styles 'width: "auto"' or 'height: "auto"' to maintain the aspect ratio. @ http://localhost:3004/_next/static/chunks/node_modules_next_dist_115brz8._.js:2431
[     856ms] [WARNING] Note: Some companies are required to obtain a license to use Remotion. See: https://remotion.dev/license
Pass the `acknowledgeRemotionLicense` prop to `<Player />` function to make this message disappear. @ http://localhost:3004/_next/static/chunks/node_modules_next_dist_115brz8._.js:2431
[  114043ms] [LOG] [Fast Refresh] rebuilding @ http://localhost:3004/_next/static/chunks/node_modules_next_dist_115brz8._.js:2431
[  114120ms] [LOG] [Fast Refresh] done in 126ms @ http://localhost:3004/_next/static/chunks/node_modules_next_dist_115brz8._.js:2431
[  120630ms] [LOG] [Fast Refresh] rebuilding @ http://localhost:3004/_next/static/chunks/node_modules_next_dist_115brz8._.js:2431
[  120634ms] [ERROR] The final argument passed to %s changed size between renders. The order and size of this array must remain constant.

Previous: %s
Incoming: %s useEffect [a, true] [a, true, 0] @ http://localhost:3004/_next/static/chunks/node_modules_next_dist_115brz8._.js:3272
[  120636ms] [LOG] [Fast Refresh] done in 90ms @ http://localhost:3004/_next/static/chunks/node_modules_next_dist_115brz8._.js:2431
[  131139ms] [LOG] [Fast Refresh] rebuilding @ http://localhost:3004/_next/static/chunks/node_modules_next_dist_115brz8._.js:2431
[  131215ms] [LOG] [Fast Refresh] done in 172ms @ http://localhost:3004/_next/static/chunks/node_modules_next_dist_115brz8._.js:2431
[  138997ms] [LOG] [Fast Refresh] rebuilding @ http://localhost:3004/_next/static/chunks/node_modules_next_dist_115brz8._.js:2431
[  139002ms] [LOG] [Fast Refresh] done in 90ms @ http://localhost:3004/_next/static/chunks/node_modules_next_dist_115brz8._.js:2431
