[     387ms] [ERROR] Failed to load resource: the server responded with a status of 404 (Not Found) @ http://localhost:3004/photos/headshots/kit-garton-headshot.png:0
[     436ms] [ERROR] Failed to load resource: the server responded with a status of 404 (Not Found) @ http://localhost:3004/photos/headshots/caryn-seidman-clear.webp:0
[     441ms] [ERROR] Failed to load resource: the server responded with a status of 404 (Not Found) @ http://localhost:3004/photos/headshots/leala-francis.png:0
[     492ms] [ERROR] Failed to load resource: the server responded with a status of 404 (Not Found) @ http://localhost:3004/photos/headshots/maureen-martin-weightwatchers.png:0
[     509ms] [ERROR] Failed to load resource: the server responded with a status of 404 (Not Found) @ http://localhost:3004/photos/headshots/telecom-headshot.png:0
[     535ms] [INFO] %cDownload the React DevTools for a better development experience: https://react.dev/link/react-devtools font-weight:bold @ http://localhost:3004/_next/static/chunks/node_modules_next_dist_115brz8._.js:2431
[     554ms] [LOG] [HMR] connected @ http://localhost:3004/_next/static/chunks/node_modules_next_dist_115brz8._.js:2431
[     653ms] [WARNING] Image with src "http://localhost:3004/product/agent-studio-table.svg" has either width or height modified, but not the other. If you use CSS to change the size of your image, also include the styles 'width: "auto"' or 'height: "auto"' to maintain the aspect ratio. @ http://localhost:3004/_next/static/chunks/node_modules_next_dist_115brz8._.js:2431
[     678ms] [WARNING] Note: Some companies are required to obtain a license to use Remotion. See: https://remotion.dev/license
Pass the `acknowledgeRemotionLicense` prop to `<Player />` function to make this message disappear. @ http://localhost:3004/_next/static/chunks/node_modules_next_dist_115brz8._.js:2431
[     789ms] [WARNING] EncodingError: The source image cannot be decoded. @ http://localhost:3004/_next/static/chunks/node_modules_next_dist_115brz8._.js:2431
[     790ms] [WARNING] EncodingError: The source image cannot be decoded. @ http://localhost:3004/_next/static/chunks/node_modules_next_dist_115brz8._.js:2431
[     901ms] [LOG] [Fast Refresh] rebuilding @ http://localhost:3004/_next/static/chunks/node_modules_next_dist_115brz8._.js:2431
[    1041ms] [ERROR] Failed to load resource: the server responded with a status of 404 (Not Found) @ http://localhost:3004/photos/headshots/hf_20260410_170726_940f4c77-0806-4083-9365-a302aefdd918.png:0
[    1042ms] [WARNING] EncodingError: The source image cannot be decoded. @ http://localhost:3004/_next/static/chunks/node_modules_next_dist_115brz8._.js:2431
[    1042ms] [ERROR] Failed to load resource: the server responded with a status of 404 (Not Found) @ http://localhost:3004/photos/headshots/hf_20260410_172056_f01e112d-b470-4901-9ba7-806329a0ee77.png:0
[    1042ms] [WARNING] EncodingError: The source image cannot be decoded. @ http://localhost:3004/_next/static/chunks/node_modules_next_dist_115brz8._.js:2431
[    1051ms] [WARNING] Could not load image with source http://localhost:3004/photos/headshots/hf_20260410_170726_940f4c77-0806-4083-9365-a302aefdd918.png, retrying again in 1000ms @ http://localhost:3004/_next/static/chunks/node_modules_next_dist_115brz8._.js:2431
[    1051ms] [WARNING] Could not load image with source http://localhost:3004/photos/headshots/hf_20260410_172056_f01e112d-b470-4901-9ba7-806329a0ee77.png, retrying again in 1000ms @ http://localhost:3004/_next/static/chunks/node_modules_next_dist_115brz8._.js:2431
[    1071ms] [LOG] [Fast Refresh] done in 270ms @ http://localhost:3004/_next/static/chunks/node_modules_next_dist_115brz8._.js:2431
[    2118ms] [ERROR] Failed to load resource: the server responded with a status of 404 (Not Found) @ http://localhost:3004/photos/headshots/hf_20260410_170726_940f4c77-0806-4083-9365-a302aefdd918.png:0
[    2121ms] [ERROR] Failed to load resource: the server responded with a status of 404 (Not Found) @ http://localhost:3004/photos/headshots/hf_20260410_172056_f01e112d-b470-4901-9ba7-806329a0ee77.png:0
[    2121ms] [WARNING] Could not load image with source http://localhost:3004/photos/headshots/hf_20260410_170726_940f4c77-0806-4083-9365-a302aefdd918.png, retrying again in 2000ms @ http://localhost:3004/_next/static/chunks/node_modules_next_dist_115brz8._.js:2431
[    2132ms] [WARNING] Could not load image with source http://localhost:3004/photos/headshots/hf_20260410_172056_f01e112d-b470-4901-9ba7-806329a0ee77.png, retrying again in 2000ms @ http://localhost:3004/_next/static/chunks/node_modules_next_dist_115brz8._.js:2431
[    4154ms] [ERROR] Failed to load resource: the server responded with a status of 404 (Not Found) @ http://localhost:3004/photos/headshots/hf_20260410_170726_940f4c77-0806-4083-9365-a302aefdd918.png:0
[    4185ms] [ERROR] Failed to load resource: the server responded with a status of 404 (Not Found) @ http://localhost:3004/photos/headshots/hf_20260410_172056_f01e112d-b470-4901-9ba7-806329a0ee77.png:0
[    4232ms] [LOG] [Fast Refresh] rebuilding @ http://localhost:3004/_next/static/chunks/node_modules_next_dist_115brz8._.js:2431
[    4236ms] [LOG] [Fast Refresh] done in 104ms @ http://localhost:3004/_next/static/chunks/node_modules_next_dist_115brz8._.js:2431
[   11738ms] [LOG] [Fast Refresh] rebuilding @ http://localhost:3004/_next/static/chunks/node_modules_next_dist_115brz8._.js:2431
[   11806ms] [LOG] [Fast Refresh] done in 153ms @ http://localhost:3004/_next/static/chunks/node_modules_next_dist_115brz8._.js:2431
[   40756ms] [LOG] [Fast Refresh] rebuilding @ http://localhost:3004/_next/static/chunks/node_modules_next_dist_115brz8._.js:2431
[   40798ms] [LOG] [Fast Refresh] done in 78ms @ http://localhost:3004/_next/static/chunks/node_modules_next_dist_115brz8._.js:2431
[   95474ms] [LOG] [Fast Refresh] rebuilding @ http://localhost:3004/_next/static/chunks/node_modules_next_dist_115brz8._.js:2431
[   95499ms] [LOG] [Fast Refresh] done in 72ms @ http://localhost:3004/_next/static/chunks/node_modules_next_dist_115brz8._.js:2431
[  101785ms] [LOG] [Fast Refresh] rebuilding @ http://localhost:3004/_next/static/chunks/node_modules_next_dist_115brz8._.js:2431
[  101803ms] [LOG] [Fast Refresh] done in 50ms @ http://localhost:3004/_next/static/chunks/node_modules_next_dist_115brz8._.js:2431
