[     468ms] [ERROR] Failed to load resource: the server responded with a status of 404 (Not Found) @ http://localhost:3004/photos/headshots/telecom-headshot.png:0
[     604ms] [INFO] %cDownload the React DevTools for a better development experience: https://react.dev/link/react-devtools font-weight:bold @ http://localhost:3004/_next/static/chunks/node_modules_next_dist_115brz8._.js:2431
[     667ms] [LOG] [HMR] connected @ http://localhost:3004/_next/static/chunks/node_modules_next_dist_115brz8._.js:2431
[    1134ms] [LOG] [Fast Refresh] rebuilding @ http://localhost:3004/_next/static/chunks/node_modules_next_dist_115brz8._.js:2431
[    1187ms] [LOG] [Fast Refresh] done in 154ms @ http://localhost:3004/_next/static/chunks/node_modules_next_dist_115brz8._.js:2431
[   19427ms] [ERROR] Failed to load resource: the server responded with a status of 404 (Not Found) @ http://localhost:3004/photos/headshots/telecom-headshot.png:0
[   26751ms] [LOG] [Fast Refresh] rebuilding @ http://localhost:3004/_next/static/chunks/node_modules_next_dist_115brz8._.js:2431
[   26812ms] [LOG] [Fast Refresh] done in 137ms @ http://localhost:3004/_next/static/chunks/node_modules_next_dist_115brz8._.js:2431
[   29912ms] [LOG] [Fast Refresh] rebuilding @ http://localhost:3004/_next/static/chunks/node_modules_next_dist_115brz8._.js:2431
[   30033ms] [LOG] [Fast Refresh] done in 197ms @ http://localhost:3004/_next/static/chunks/node_modules_next_dist_115brz8._.js:2431
[   34877ms] [LOG] [Fast Refresh] rebuilding @ http://localhost:3004/_next/static/chunks/node_modules_next_dist_115brz8._.js:2431
[   34888ms] [LOG] [Fast Refresh] done in 56ms @ http://localhost:3004/_next/static/chunks/node_modules_next_dist_115brz8._.js:2431
[   37584ms] [LOG] [Fast Refresh] rebuilding @ http://localhost:3004/_next/static/chunks/node_modules_next_dist_115brz8._.js:2431
[   37585ms] [LOG] [Fast Refresh] done in 102ms @ http://localhost:3004/_next/static/chunks/node_modules_next_dist_115brz8._.js:2431
[   37592ms] [ERROR] Failed to load resource: the server responded with a status of 404 (Not Found) @ http://localhost:3004/photos/headshots/telecom-headshot.png:0
[   51700ms] [LOG] [Fast Refresh] rebuilding @ http://localhost:3004/_next/static/chunks/node_modules_next_dist_115brz8._.js:2431
[   51712ms] [LOG] [Fast Refresh] done in 79ms @ http://localhost:3004/_next/static/chunks/node_modules_next_dist_115brz8._.js:2431
[   55819ms] [ERROR] Failed to load resource: the server responded with a status of 404 (Not Found) @ http://localhost:3004/photos/headshots/telecom-headshot.png:0
[   55926ms] [LOG] [Fast Refresh] rebuilding @ http://localhost:3004/_next/static/chunks/node_modules_next_dist_115brz8._.js:2431
[   55945ms] [LOG] [Fast Refresh] done in 52ms @ http://localhost:3004/_next/static/chunks/node_modules_next_dist_115brz8._.js:2431
