[     208ms] [INFO] %cDownload the React DevTools for a better development experience: https://react.dev/link/react-devtools font-weight:bold @ http://localhost:3000/_next/static/chunks/node_modules_next_dist_115brz8._.js:2431
[     224ms] [LOG] [HMR] connected @ http://localhost:3000/_next/static/chunks/node_modules_next_dist_115brz8._.js:2431
[     287ms] [WARNING] Image with src "http://localhost:3000/product/pair-platform-dashboard%20.svg" has either width or height modified, but not the other. If you use CSS to change the size of your image, also include the styles 'width: "auto"' or 'height: "auto"' to maintain the aspect ratio. @ http://localhost:3000/_next/static/chunks/node_modules_next_dist_115brz8._.js:2431
[     287ms] [WARNING] Image with src "http://localhost:3000/product/agent-studio-table.svg" has either width or height modified, but not the other. If you use CSS to change the size of your image, also include the styles 'width: "auto"' or 'height: "auto"' to maintain the aspect ratio. @ http://localhost:3000/_next/static/chunks/node_modules_next_dist_115brz8._.js:2431
[     303ms] [WARNING] Image with src "/logos/future kid.png" has either width or height modified, but not the other. If you use CSS to change the size of your image, also include the styles 'width: "auto"' or 'height: "auto"' to maintain the aspect ratio. @ http://localhost:3000/_next/static/chunks/node_modules_next_dist_115brz8._.js:2431
[     311ms] [WARNING] Image with src "/logos/Boutiqaat.png" has either width or height modified, but not the other. If you use CSS to change the size of your image, also include the styles 'width: "auto"' or 'height: "auto"' to maintain the aspect ratio. @ http://localhost:3000/_next/static/chunks/node_modules_next_dist_115brz8._.js:2431
[     315ms] [WARNING] Image with src "/logos/provin.png" has either width or height modified, but not the other. If you use CSS to change the size of your image, also include the styles 'width: "auto"' or 'height: "auto"' to maintain the aspect ratio. @ http://localhost:3000/_next/static/chunks/node_modules_next_dist_115brz8._.js:2431
[     318ms] [WARNING] Image with src "/logos/ktech.png" has either width or height modified, but not the other. If you use CSS to change the size of your image, also include the styles 'width: "auto"' or 'height: "auto"' to maintain the aspect ratio. @ http://localhost:3000/_next/static/chunks/node_modules_next_dist_115brz8._.js:2431
[     344ms] [WARNING] Image with src "/product/search bar.png" has either width or height modified, but not the other. If you use CSS to change the size of your image, also include the styles 'width: "auto"' or 'height: "auto"' to maintain the aspect ratio. @ http://localhost:3000/_next/static/chunks/node_modules_next_dist_115brz8._.js:2431
[     362ms] [WARNING] The AudioContext was not allowed to start. It must be resumed (or created) after a user gesture on the page. https://developer.chrome.com/blog/autoplay/#web_audio @ http://localhost:3000/_next/static/chunks/node_modules_0y5pcbl._.js:10811
[     398ms] [LOG] [Fast Refresh] rebuilding @ http://localhost:3000/_next/static/chunks/node_modules_next_dist_115brz8._.js:2431
[     596ms] [LOG] [Fast Refresh] done in 324ms @ http://localhost:3000/_next/static/chunks/node_modules_next_dist_115brz8._.js:2431
[    3558ms] [WARNING] The resource http://localhost:3000/_next/static/media/8731e9ea35b3f522-s.p.16drf.q69wzgp.woff2 was preloaded using link preload but not used within a few seconds from the window's load event. Please make sure it has an appropriate `as` value and it is preloaded intentionally. @ http://localhost:3000/:0
[    3558ms] [WARNING] The resource http://localhost:3000/_next/static/media/3571ca4c7e5b0515-s.p.0kkyj0_4skb4z.woff2 was preloaded using link preload but not used within a few seconds from the window's load event. Please make sure it has an appropriate `as` value and it is preloaded intentionally. @ http://localhost:3000/:0
[    3558ms] [WARNING] The resource http://localhost:3000/_next/static/media/e897c2a96513d09d-s.p.0y3u1avoqeg5a.woff2 was preloaded using link preload but not used within a few seconds from the window's load event. Please make sure it has an appropriate `as` value and it is preloaded intentionally. @ http://localhost:3000/:0
[    3558ms] [WARNING] The resource http://localhost:3000/_next/static/media/e8f2fbee2754df70-s.p.0fzkl03jw-sdz.woff2 was preloaded using link preload but not used within a few seconds from the window's load event. Please make sure it has an appropriate `as` value and it is preloaded intentionally. @ http://localhost:3000/:0
[    3558ms] [WARNING] The resource http://localhost:3000/_next/static/media/7eb3e55498b0083f-s.p.0fg4_v6zl1l1j.woff2 was preloaded using link preload but not used within a few seconds from the window's load event. Please make sure it has an appropriate `as` value and it is preloaded intentionally. @ http://localhost:3000/:0
[   17641ms] [WARNING] The resource http://localhost:3000/_next/static/media/8731e9ea35b3f522-s.p.16drf.q69wzgp.woff2 was preloaded using link preload but not used within a few seconds from the window's load event. Please make sure it has an appropriate `as` value and it is preloaded intentionally. @ http://localhost:3000/:0
[   17641ms] [WARNING] The resource http://localhost:3000/_next/static/media/3571ca4c7e5b0515-s.p.0kkyj0_4skb4z.woff2 was preloaded using link preload but not used within a few seconds from the window's load event. Please make sure it has an appropriate `as` value and it is preloaded intentionally. @ http://localhost:3000/:0
[   17641ms] [WARNING] The resource http://localhost:3000/_next/static/media/e897c2a96513d09d-s.p.0y3u1avoqeg5a.woff2 was preloaded using link preload but not used within a few seconds from the window's load event. Please make sure it has an appropriate `as` value and it is preloaded intentionally. @ http://localhost:3000/:0
[   17641ms] [WARNING] The resource http://localhost:3000/_next/static/media/e8f2fbee2754df70-s.p.0fzkl03jw-sdz.woff2 was preloaded using link preload but not used within a few seconds from the window's load event. Please make sure it has an appropriate `as` value and it is preloaded intentionally. @ http://localhost:3000/:0
[   17641ms] [WARNING] The resource http://localhost:3000/_next/static/media/7eb3e55498b0083f-s.p.0fg4_v6zl1l1j.woff2 was preloaded using link preload but not used within a few seconds from the window's load event. Please make sure it has an appropriate `as` value and it is preloaded intentionally. @ http://localhost:3000/:0
[   22092ms] [WARNING] The resource http://localhost:3000/_next/static/media/8731e9ea35b3f522-s.p.16drf.q69wzgp.woff2 was preloaded using link preload but not used within a few seconds from the window's load event. Please make sure it has an appropriate `as` value and it is preloaded intentionally. @ http://localhost:3000/:0
[   22092ms] [WARNING] The resource http://localhost:3000/_next/static/media/3571ca4c7e5b0515-s.p.0kkyj0_4skb4z.woff2 was preloaded using link preload but not used within a few seconds from the window's load event. Please make sure it has an appropriate `as` value and it is preloaded intentionally. @ http://localhost:3000/:0
[   22092ms] [WARNING] The resource http://localhost:3000/_next/static/media/e897c2a96513d09d-s.p.0y3u1avoqeg5a.woff2 was preloaded using link preload but not used within a few seconds from the window's load event. Please make sure it has an appropriate `as` value and it is preloaded intentionally. @ http://localhost:3000/:0
[   22092ms] [WARNING] The resource http://localhost:3000/_next/static/media/e8f2fbee2754df70-s.p.0fzkl03jw-sdz.woff2 was preloaded using link preload but not used within a few seconds from the window's load event. Please make sure it has an appropriate `as` value and it is preloaded intentionally. @ http://localhost:3000/:0
[   22092ms] [WARNING] The resource http://localhost:3000/_next/static/media/7eb3e55498b0083f-s.p.0fg4_v6zl1l1j.woff2 was preloaded using link preload but not used within a few seconds from the window's load event. Please make sure it has an appropriate `as` value and it is preloaded intentionally. @ http://localhost:3000/:0
[   33282ms] [WARNING] The resource http://localhost:3000/_next/static/media/8731e9ea35b3f522-s.p.16drf.q69wzgp.woff2 was preloaded using link preload but not used within a few seconds from the window's load event. Please make sure it has an appropriate `as` value and it is preloaded intentionally. @ http://localhost:3000/:0
[   33282ms] [WARNING] The resource http://localhost:3000/_next/static/media/3571ca4c7e5b0515-s.p.0kkyj0_4skb4z.woff2 was preloaded using link preload but not used within a few seconds from the window's load event. Please make sure it has an appropriate `as` value and it is preloaded intentionally. @ http://localhost:3000/:0
[   33282ms] [WARNING] The resource http://localhost:3000/_next/static/media/e897c2a96513d09d-s.p.0y3u1avoqeg5a.woff2 was preloaded using link preload but not used within a few seconds from the window's load event. Please make sure it has an appropriate `as` value and it is preloaded intentionally. @ http://localhost:3000/:0
[   33282ms] [WARNING] The resource http://localhost:3000/_next/static/media/e8f2fbee2754df70-s.p.0fzkl03jw-sdz.woff2 was preloaded using link preload but not used within a few seconds from the window's load event. Please make sure it has an appropriate `as` value and it is preloaded intentionally. @ http://localhost:3000/:0
[   33282ms] [WARNING] The resource http://localhost:3000/_next/static/media/7eb3e55498b0083f-s.p.0fg4_v6zl1l1j.woff2 was preloaded using link preload but not used within a few seconds from the window's load event. Please make sure it has an appropriate `as` value and it is preloaded intentionally. @ http://localhost:3000/:0
[   40154ms] [WARNING] The resource http://localhost:3000/_next/static/media/8731e9ea35b3f522-s.p.16drf.q69wzgp.woff2 was preloaded using link preload but not used within a few seconds from the window's load event. Please make sure it has an appropriate `as` value and it is preloaded intentionally. @ http://localhost:3000/:0
[   40154ms] [WARNING] The resource http://localhost:3000/_next/static/media/3571ca4c7e5b0515-s.p.0kkyj0_4skb4z.woff2 was preloaded using link preload but not used within a few seconds from the window's load event. Please make sure it has an appropriate `as` value and it is preloaded intentionally. @ http://localhost:3000/:0
[   40154ms] [WARNING] The resource http://localhost:3000/_next/static/media/e897c2a96513d09d-s.p.0y3u1avoqeg5a.woff2 was preloaded using link preload but not used within a few seconds from the window's load event. Please make sure it has an appropriate `as` value and it is preloaded intentionally. @ http://localhost:3000/:0
[   40154ms] [WARNING] The resource http://localhost:3000/_next/static/media/e8f2fbee2754df70-s.p.0fzkl03jw-sdz.woff2 was preloaded using link preload but not used within a few seconds from the window's load event. Please make sure it has an appropriate `as` value and it is preloaded intentionally. @ http://localhost:3000/:0
[   40154ms] [WARNING] The resource http://localhost:3000/_next/static/media/7eb3e55498b0083f-s.p.0fg4_v6zl1l1j.woff2 was preloaded using link preload but not used within a few seconds from the window's load event. Please make sure it has an appropriate `as` value and it is preloaded intentionally. @ http://localhost:3000/:0
[   47248ms] [WARNING] The resource http://localhost:3000/_next/static/media/8731e9ea35b3f522-s.p.16drf.q69wzgp.woff2 was preloaded using link preload but not used within a few seconds from the window's load event. Please make sure it has an appropriate `as` value and it is preloaded intentionally. @ http://localhost:3000/:0
[   47248ms] [WARNING] The resource http://localhost:3000/_next/static/media/3571ca4c7e5b0515-s.p.0kkyj0_4skb4z.woff2 was preloaded using link preload but not used within a few seconds from the window's load event. Please make sure it has an appropriate `as` value and it is preloaded intentionally. @ http://localhost:3000/:0
[   47248ms] [WARNING] The resource http://localhost:3000/_next/static/media/e897c2a96513d09d-s.p.0y3u1avoqeg5a.woff2 was preloaded using link preload but not used within a few seconds from the window's load event. Please make sure it has an appropriate `as` value and it is preloaded intentionally. @ http://localhost:3000/:0
[   47248ms] [WARNING] The resource http://localhost:3000/_next/static/media/e8f2fbee2754df70-s.p.0fzkl03jw-sdz.woff2 was preloaded using link preload but not used within a few seconds from the window's load event. Please make sure it has an appropriate `as` value and it is preloaded intentionally. @ http://localhost:3000/:0
[   47248ms] [WARNING] The resource http://localhost:3000/_next/static/media/7eb3e55498b0083f-s.p.0fg4_v6zl1l1j.woff2 was preloaded using link preload but not used within a few seconds from the window's load event. Please make sure it has an appropriate `as` value and it is preloaded intentionally. @ http://localhost:3000/:0
[   51761ms] [WARNING] The resource http://localhost:3000/_next/static/media/8731e9ea35b3f522-s.p.16drf.q69wzgp.woff2 was preloaded using link preload but not used within a few seconds from the window's load event. Please make sure it has an appropriate `as` value and it is preloaded intentionally. @ http://localhost:3000/:0
[   51761ms] [WARNING] The resource http://localhost:3000/_next/static/media/3571ca4c7e5b0515-s.p.0kkyj0_4skb4z.woff2 was preloaded using link preload but not used within a few seconds from the window's load event. Please make sure it has an appropriate `as` value and it is preloaded intentionally. @ http://localhost:3000/:0
[   51761ms] [WARNING] The resource http://localhost:3000/_next/static/media/e897c2a96513d09d-s.p.0y3u1avoqeg5a.woff2 was preloaded using link preload but not used within a few seconds from the window's load event. Please make sure it has an appropriate `as` value and it is preloaded intentionally. @ http://localhost:3000/:0
[   51761ms] [WARNING] The resource http://localhost:3000/_next/static/media/e8f2fbee2754df70-s.p.0fzkl03jw-sdz.woff2 was preloaded using link preload but not used within a few seconds from the window's load event. Please make sure it has an appropriate `as` value and it is preloaded intentionally. @ http://localhost:3000/:0
[   51761ms] [WARNING] The resource http://localhost:3000/_next/static/media/7eb3e55498b0083f-s.p.0fg4_v6zl1l1j.woff2 was preloaded using link preload but not used within a few seconds from the window's load event. Please make sure it has an appropriate `as` value and it is preloaded intentionally. @ http://localhost:3000/:0
[   62737ms] [WARNING] The resource http://localhost:3000/_next/static/media/8731e9ea35b3f522-s.p.16drf.q69wzgp.woff2 was preloaded using link preload but not used within a few seconds from the window's load event. Please make sure it has an appropriate `as` value and it is preloaded intentionally. @ http://localhost:3000/:0
[   62737ms] [WARNING] The resource http://localhost:3000/_next/static/media/3571ca4c7e5b0515-s.p.0kkyj0_4skb4z.woff2 was preloaded using link preload but not used within a few seconds from the window's load event. Please make sure it has an appropriate `as` value and it is preloaded intentionally. @ http://localhost:3000/:0
[   62737ms] [WARNING] The resource http://localhost:3000/_next/static/media/e897c2a96513d09d-s.p.0y3u1avoqeg5a.woff2 was preloaded using link preload but not used within a few seconds from the window's load event. Please make sure it has an appropriate `as` value and it is preloaded intentionally. @ http://localhost:3000/:0
[   62737ms] [WARNING] The resource http://localhost:3000/_next/static/media/e8f2fbee2754df70-s.p.0fzkl03jw-sdz.woff2 was preloaded using link preload but not used within a few seconds from the window's load event. Please make sure it has an appropriate `as` value and it is preloaded intentionally. @ http://localhost:3000/:0
[   62737ms] [WARNING] The resource http://localhost:3000/_next/static/media/7eb3e55498b0083f-s.p.0fg4_v6zl1l1j.woff2 was preloaded using link preload but not used within a few seconds from the window's load event. Please make sure it has an appropriate `as` value and it is preloaded intentionally. @ http://localhost:3000/:0
[   70078ms] [WARNING] The resource http://localhost:3000/_next/static/media/8731e9ea35b3f522-s.p.16drf.q69wzgp.woff2 was preloaded using link preload but not used within a few seconds from the window's load event. Please make sure it has an appropriate `as` value and it is preloaded intentionally. @ http://localhost:3000/:0
[   70078ms] [WARNING] The resource http://localhost:3000/_next/static/media/3571ca4c7e5b0515-s.p.0kkyj0_4skb4z.woff2 was preloaded using link preload but not used within a few seconds from the window's load event. Please make sure it has an appropriate `as` value and it is preloaded intentionally. @ http://localhost:3000/:0
[   70078ms] [WARNING] The resource http://localhost:3000/_next/static/media/e897c2a96513d09d-s.p.0y3u1avoqeg5a.woff2 was preloaded using link preload but not used within a few seconds from the window's load event. Please make sure it has an appropriate `as` value and it is preloaded intentionally. @ http://localhost:3000/:0
[   70078ms] [WARNING] The resource http://localhost:3000/_next/static/media/e8f2fbee2754df70-s.p.0fzkl03jw-sdz.woff2 was preloaded using link preload but not used within a few seconds from the window's load event. Please make sure it has an appropriate `as` value and it is preloaded intentionally. @ http://localhost:3000/:0
[   70078ms] [WARNING] The resource http://localhost:3000/_next/static/media/7eb3e55498b0083f-s.p.0fg4_v6zl1l1j.woff2 was preloaded using link preload but not used within a few seconds from the window's load event. Please make sure it has an appropriate `as` value and it is preloaded intentionally. @ http://localhost:3000/:0
[   71725ms] [WARNING] EncodingError: The source image cannot be decoded. @ http://localhost:3000/_next/static/chunks/node_modules_next_dist_115brz8._.js:2431
[   71726ms] [WARNING] EncodingError: The source image cannot be decoded. @ http://localhost:3000/_next/static/chunks/node_modules_next_dist_115brz8._.js:2431
[   71726ms] [WARNING] EncodingError: The source image cannot be decoded. @ http://localhost:3000/_next/static/chunks/node_modules_next_dist_115brz8._.js:2431
[   71726ms] [WARNING] EncodingError: The source image cannot be decoded. @ http://localhost:3000/_next/static/chunks/node_modules_next_dist_115brz8._.js:2431
[   71726ms] [WARNING] EncodingError: The source image cannot be decoded. @ http://localhost:3000/_next/static/chunks/node_modules_next_dist_115brz8._.js:2431
[   71726ms] [WARNING] EncodingError: The source image cannot be decoded. @ http://localhost:3000/_next/static/chunks/node_modules_next_dist_115brz8._.js:2431
[   71726ms] [WARNING] EncodingError: The source image cannot be decoded. @ http://localhost:3000/_next/static/chunks/node_modules_next_dist_115brz8._.js:2431
[   71726ms] [WARNING] EncodingError: The source image cannot be decoded. @ http://localhost:3000/_next/static/chunks/node_modules_next_dist_115brz8._.js:2431
[   77228ms] [WARNING] The resource http://localhost:3000/_next/static/media/8731e9ea35b3f522-s.p.16drf.q69wzgp.woff2 was preloaded using link preload but not used within a few seconds from the window's load event. Please make sure it has an appropriate `as` value and it is preloaded intentionally. @ http://localhost:3000/:0
[   77228ms] [WARNING] The resource http://localhost:3000/_next/static/media/3571ca4c7e5b0515-s.p.0kkyj0_4skb4z.woff2 was preloaded using link preload but not used within a few seconds from the window's load event. Please make sure it has an appropriate `as` value and it is preloaded intentionally. @ http://localhost:3000/:0
[   77228ms] [WARNING] The resource http://localhost:3000/_next/static/media/e897c2a96513d09d-s.p.0y3u1avoqeg5a.woff2 was preloaded using link preload but not used within a few seconds from the window's load event. Please make sure it has an appropriate `as` value and it is preloaded intentionally. @ http://localhost:3000/:0
[   77228ms] [WARNING] The resource http://localhost:3000/_next/static/media/e8f2fbee2754df70-s.p.0fzkl03jw-sdz.woff2 was preloaded using link preload but not used within a few seconds from the window's load event. Please make sure it has an appropriate `as` value and it is preloaded intentionally. @ http://localhost:3000/:0
[   77228ms] [WARNING] The resource http://localhost:3000/_next/static/media/7eb3e55498b0083f-s.p.0fg4_v6zl1l1j.woff2 was preloaded using link preload but not used within a few seconds from the window's load event. Please make sure it has an appropriate `as` value and it is preloaded intentionally. @ http://localhost:3000/:0
[   81471ms] [WARNING] The resource http://localhost:3000/_next/static/media/8731e9ea35b3f522-s.p.16drf.q69wzgp.woff2 was preloaded using link preload but not used within a few seconds from the window's load event. Please make sure it has an appropriate `as` value and it is preloaded intentionally. @ http://localhost:3000/:0
[   81471ms] [WARNING] The resource http://localhost:3000/_next/static/media/3571ca4c7e5b0515-s.p.0kkyj0_4skb4z.woff2 was preloaded using link preload but not used within a few seconds from the window's load event. Please make sure it has an appropriate `as` value and it is preloaded intentionally. @ http://localhost:3000/:0
[   81471ms] [WARNING] The resource http://localhost:3000/_next/static/media/e897c2a96513d09d-s.p.0y3u1avoqeg5a.woff2 was preloaded using link preload but not used within a few seconds from the window's load event. Please make sure it has an appropriate `as` value and it is preloaded intentionally. @ http://localhost:3000/:0
[   81471ms] [WARNING] The resource http://localhost:3000/_next/static/media/e8f2fbee2754df70-s.p.0fzkl03jw-sdz.woff2 was preloaded using link preload but not used within a few seconds from the window's load event. Please make sure it has an appropriate `as` value and it is preloaded intentionally. @ http://localhost:3000/:0
[   81471ms] [WARNING] The resource http://localhost:3000/_next/static/media/7eb3e55498b0083f-s.p.0fg4_v6zl1l1j.woff2 was preloaded using link preload but not used within a few seconds from the window's load event. Please make sure it has an appropriate `as` value and it is preloaded intentionally. @ http://localhost:3000/:0
[   92679ms] [WARNING] The resource http://localhost:3000/_next/static/media/8731e9ea35b3f522-s.p.16drf.q69wzgp.woff2 was preloaded using link preload but not used within a few seconds from the window's load event. Please make sure it has an appropriate `as` value and it is preloaded intentionally. @ http://localhost:3000/:0
[   92679ms] [WARNING] The resource http://localhost:3000/_next/static/media/3571ca4c7e5b0515-s.p.0kkyj0_4skb4z.woff2 was preloaded using link preload but not used within a few seconds from the window's load event. Please make sure it has an appropriate `as` value and it is preloaded intentionally. @ http://localhost:3000/:0
[   92679ms] [WARNING] The resource http://localhost:3000/_next/static/media/e897c2a96513d09d-s.p.0y3u1avoqeg5a.woff2 was preloaded using link preload but not used within a few seconds from the window's load event. Please make sure it has an appropriate `as` value and it is preloaded intentionally. @ http://localhost:3000/:0
[   92679ms] [WARNING] The resource http://localhost:3000/_next/static/media/e8f2fbee2754df70-s.p.0fzkl03jw-sdz.woff2 was preloaded using link preload but not used within a few seconds from the window's load event. Please make sure it has an appropriate `as` value and it is preloaded intentionally. @ http://localhost:3000/:0
[   92679ms] [WARNING] The resource http://localhost:3000/_next/static/media/7eb3e55498b0083f-s.p.0fg4_v6zl1l1j.woff2 was preloaded using link preload but not used within a few seconds from the window's load event. Please make sure it has an appropriate `as` value and it is preloaded intentionally. @ http://localhost:3000/:0
[   99807ms] [WARNING] The resource http://localhost:3000/_next/static/media/8731e9ea35b3f522-s.p.16drf.q69wzgp.woff2 was preloaded using link preload but not used within a few seconds from the window's load event. Please make sure it has an appropriate `as` value and it is preloaded intentionally. @ http://localhost:3000/:0
[   99807ms] [WARNING] The resource http://localhost:3000/_next/static/media/3571ca4c7e5b0515-s.p.0kkyj0_4skb4z.woff2 was preloaded using link preload but not used within a few seconds from the window's load event. Please make sure it has an appropriate `as` value and it is preloaded intentionally. @ http://localhost:3000/:0
[   99807ms] [WARNING] The resource http://localhost:3000/_next/static/media/e897c2a96513d09d-s.p.0y3u1avoqeg5a.woff2 was preloaded using link preload but not used within a few seconds from the window's load event. Please make sure it has an appropriate `as` value and it is preloaded intentionally. @ http://localhost:3000/:0
[   99807ms] [WARNING] The resource http://localhost:3000/_next/static/media/e8f2fbee2754df70-s.p.0fzkl03jw-sdz.woff2 was preloaded using link preload but not used within a few seconds from the window's load event. Please make sure it has an appropriate `as` value and it is preloaded intentionally. @ http://localhost:3000/:0
[   99807ms] [WARNING] The resource http://localhost:3000/_next/static/media/7eb3e55498b0083f-s.p.0fg4_v6zl1l1j.woff2 was preloaded using link preload but not used within a few seconds from the window's load event. Please make sure it has an appropriate `as` value and it is preloaded intentionally. @ http://localhost:3000/:0
[  106904ms] [WARNING] The resource http://localhost:3000/_next/static/media/8731e9ea35b3f522-s.p.16drf.q69wzgp.woff2 was preloaded using link preload but not used within a few seconds from the window's load event. Please make sure it has an appropriate `as` value and it is preloaded intentionally. @ http://localhost:3000/:0
[  106904ms] [WARNING] The resource http://localhost:3000/_next/static/media/3571ca4c7e5b0515-s.p.0kkyj0_4skb4z.woff2 was preloaded using link preload but not used within a few seconds from the window's load event. Please make sure it has an appropriate `as` value and it is preloaded intentionally. @ http://localhost:3000/:0
[  106904ms] [WARNING] The resource http://localhost:3000/_next/static/media/e897c2a96513d09d-s.p.0y3u1avoqeg5a.woff2 was preloaded using link preload but not used within a few seconds from the window's load event. Please make sure it has an appropriate `as` value and it is preloaded intentionally. @ http://localhost:3000/:0
[  106904ms] [WARNING] The resource http://localhost:3000/_next/static/media/e8f2fbee2754df70-s.p.0fzkl03jw-sdz.woff2 was preloaded using link preload but not used within a few seconds from the window's load event. Please make sure it has an appropriate `as` value and it is preloaded intentionally. @ http://localhost:3000/:0
[  106904ms] [WARNING] The resource http://localhost:3000/_next/static/media/7eb3e55498b0083f-s.p.0fg4_v6zl1l1j.woff2 was preloaded using link preload but not used within a few seconds from the window's load event. Please make sure it has an appropriate `as` value and it is preloaded intentionally. @ http://localhost:3000/:0
[  111144ms] [WARNING] The resource http://localhost:3000/_next/static/media/8731e9ea35b3f522-s.p.16drf.q69wzgp.woff2 was preloaded using link preload but not used within a few seconds from the window's load event. Please make sure it has an appropriate `as` value and it is preloaded intentionally. @ http://localhost:3000/:0
[  111145ms] [WARNING] The resource http://localhost:3000/_next/static/media/3571ca4c7e5b0515-s.p.0kkyj0_4skb4z.woff2 was preloaded using link preload but not used within a few seconds from the window's load event. Please make sure it has an appropriate `as` value and it is preloaded intentionally. @ http://localhost:3000/:0
[  111145ms] [WARNING] The resource http://localhost:3000/_next/static/media/e897c2a96513d09d-s.p.0y3u1avoqeg5a.woff2 was preloaded using link preload but not used within a few seconds from the window's load event. Please make sure it has an appropriate `as` value and it is preloaded intentionally. @ http://localhost:3000/:0
[  111145ms] [WARNING] The resource http://localhost:3000/_next/static/media/e8f2fbee2754df70-s.p.0fzkl03jw-sdz.woff2 was preloaded using link preload but not used within a few seconds from the window's load event. Please make sure it has an appropriate `as` value and it is preloaded intentionally. @ http://localhost:3000/:0
[  111145ms] [WARNING] The resource http://localhost:3000/_next/static/media/7eb3e55498b0083f-s.p.0fg4_v6zl1l1j.woff2 was preloaded using link preload but not used within a few seconds from the window's load event. Please make sure it has an appropriate `as` value and it is preloaded intentionally. @ http://localhost:3000/:0
[  122299ms] [WARNING] The resource http://localhost:3000/_next/static/media/8731e9ea35b3f522-s.p.16drf.q69wzgp.woff2 was preloaded using link preload but not used within a few seconds from the window's load event. Please make sure it has an appropriate `as` value and it is preloaded intentionally. @ http://localhost:3000/:0
[  122299ms] [WARNING] The resource http://localhost:3000/_next/static/media/3571ca4c7e5b0515-s.p.0kkyj0_4skb4z.woff2 was preloaded using link preload but not used within a few seconds from the window's load event. Please make sure it has an appropriate `as` value and it is preloaded intentionally. @ http://localhost:3000/:0
[  122299ms] [WARNING] The resource http://localhost:3000/_next/static/media/e897c2a96513d09d-s.p.0y3u1avoqeg5a.woff2 was preloaded using link preload but not used within a few seconds from the window's load event. Please make sure it has an appropriate `as` value and it is preloaded intentionally. @ http://localhost:3000/:0
[  122299ms] [WARNING] The resource http://localhost:3000/_next/static/media/e8f2fbee2754df70-s.p.0fzkl03jw-sdz.woff2 was preloaded using link preload but not used within a few seconds from the window's load event. Please make sure it has an appropriate `as` value and it is preloaded intentionally. @ http://localhost:3000/:0
[  122299ms] [WARNING] The resource http://localhost:3000/_next/static/media/7eb3e55498b0083f-s.p.0fg4_v6zl1l1j.woff2 was preloaded using link preload but not used within a few seconds from the window's load event. Please make sure it has an appropriate `as` value and it is preloaded intentionally. @ http://localhost:3000/:0
[  129178ms] [WARNING] The resource http://localhost:3000/_next/static/media/8731e9ea35b3f522-s.p.16drf.q69wzgp.woff2 was preloaded using link preload but not used within a few seconds from the window's load event. Please make sure it has an appropriate `as` value and it is preloaded intentionally. @ http://localhost:3000/:0
[  129178ms] [WARNING] The resource http://localhost:3000/_next/static/media/3571ca4c7e5b0515-s.p.0kkyj0_4skb4z.woff2 was preloaded using link preload but not used within a few seconds from the window's load event. Please make sure it has an appropriate `as` value and it is preloaded intentionally. @ http://localhost:3000/:0
[  129178ms] [WARNING] The resource http://localhost:3000/_next/static/media/e897c2a96513d09d-s.p.0y3u1avoqeg5a.woff2 was preloaded using link preload but not used within a few seconds from the window's load event. Please make sure it has an appropriate `as` value and it is preloaded intentionally. @ http://localhost:3000/:0
[  129178ms] [WARNING] The resource http://localhost:3000/_next/static/media/e8f2fbee2754df70-s.p.0fzkl03jw-sdz.woff2 was preloaded using link preload but not used within a few seconds from the window's load event. Please make sure it has an appropriate `as` value and it is preloaded intentionally. @ http://localhost:3000/:0
[  129178ms] [WARNING] The resource http://localhost:3000/_next/static/media/7eb3e55498b0083f-s.p.0fg4_v6zl1l1j.woff2 was preloaded using link preload but not used within a few seconds from the window's load event. Please make sure it has an appropriate `as` value and it is preloaded intentionally. @ http://localhost:3000/:0
[  129701ms] [LOG] [Fast Refresh] rebuilding @ http://localhost:3000/_next/static/chunks/node_modules_next_dist_115brz8._.js:2431
[  129722ms] [LOG] [Fast Refresh] done in 65ms @ http://localhost:3000/_next/static/chunks/node_modules_next_dist_115brz8._.js:2431
[  132591ms] [LOG] [Fast Refresh] rebuilding @ http://localhost:3000/_next/static/chunks/node_modules_next_dist_115brz8._.js:2431
[  132617ms] [LOG] [Fast Refresh] done in 40ms @ http://localhost:3000/_next/static/chunks/node_modules_next_dist_115brz8._.js:2431
[  132713ms] [WARNING] The resource http://localhost:3000/_next/static/media/8731e9ea35b3f522-s.p.16drf.q69wzgp.woff2 was preloaded using link preload but not used within a few seconds from the window's load event. Please make sure it has an appropriate `as` value and it is preloaded intentionally. @ http://localhost:3000/:0
[  132713ms] [WARNING] The resource http://localhost:3000/_next/static/media/3571ca4c7e5b0515-s.p.0kkyj0_4skb4z.woff2 was preloaded using link preload but not used within a few seconds from the window's load event. Please make sure it has an appropriate `as` value and it is preloaded intentionally. @ http://localhost:3000/:0
[  132713ms] [WARNING] The resource http://localhost:3000/_next/static/media/e897c2a96513d09d-s.p.0y3u1avoqeg5a.woff2 was preloaded using link preload but not used within a few seconds from the window's load event. Please make sure it has an appropriate `as` value and it is preloaded intentionally. @ http://localhost:3000/:0
[  132713ms] [WARNING] The resource http://localhost:3000/_next/static/media/e8f2fbee2754df70-s.p.0fzkl03jw-sdz.woff2 was preloaded using link preload but not used within a few seconds from the window's load event. Please make sure it has an appropriate `as` value and it is preloaded intentionally. @ http://localhost:3000/:0
[  132713ms] [WARNING] The resource http://localhost:3000/_next/static/media/7eb3e55498b0083f-s.p.0fg4_v6zl1l1j.woff2 was preloaded using link preload but not used within a few seconds from the window's load event. Please make sure it has an appropriate `as` value and it is preloaded intentionally. @ http://localhost:3000/:0
[  135445ms] [LOG] [Fast Refresh] rebuilding @ http://localhost:3000/_next/static/chunks/node_modules_next_dist_115brz8._.js:2431
[  135469ms] [LOG] [Fast Refresh] done in 37ms @ http://localhost:3000/_next/static/chunks/node_modules_next_dist_115brz8._.js:2431
[  136285ms] [WARNING] The resource http://localhost:3000/_next/static/media/8731e9ea35b3f522-s.p.16drf.q69wzgp.woff2 was preloaded using link preload but not used within a few seconds from the window's load event. Please make sure it has an appropriate `as` value and it is preloaded intentionally. @ http://localhost:3000/:0
[  136285ms] [WARNING] The resource http://localhost:3000/_next/static/media/3571ca4c7e5b0515-s.p.0kkyj0_4skb4z.woff2 was preloaded using link preload but not used within a few seconds from the window's load event. Please make sure it has an appropriate `as` value and it is preloaded intentionally. @ http://localhost:3000/:0
[  136285ms] [WARNING] The resource http://localhost:3000/_next/static/media/e897c2a96513d09d-s.p.0y3u1avoqeg5a.woff2 was preloaded using link preload but not used within a few seconds from the window's load event. Please make sure it has an appropriate `as` value and it is preloaded intentionally. @ http://localhost:3000/:0
[  136285ms] [WARNING] The resource http://localhost:3000/_next/static/media/e8f2fbee2754df70-s.p.0fzkl03jw-sdz.woff2 was preloaded using link preload but not used within a few seconds from the window's load event. Please make sure it has an appropriate `as` value and it is preloaded intentionally. @ http://localhost:3000/:0
[  136285ms] [WARNING] The resource http://localhost:3000/_next/static/media/7eb3e55498b0083f-s.p.0fg4_v6zl1l1j.woff2 was preloaded using link preload but not used within a few seconds from the window's load event. Please make sure it has an appropriate `as` value and it is preloaded intentionally. @ http://localhost:3000/:0
[  140761ms] [WARNING] The resource http://localhost:3000/_next/static/media/8731e9ea35b3f522-s.p.16drf.q69wzgp.woff2 was preloaded using link preload but not used within a few seconds from the window's load event. Please make sure it has an appropriate `as` value and it is preloaded intentionally. @ http://localhost:3000/:0
[  140761ms] [WARNING] The resource http://localhost:3000/_next/static/media/3571ca4c7e5b0515-s.p.0kkyj0_4skb4z.woff2 was preloaded using link preload but not used within a few seconds from the window's load event. Please make sure it has an appropriate `as` value and it is preloaded intentionally. @ http://localhost:3000/:0
[  140761ms] [WARNING] The resource http://localhost:3000/_next/static/media/e897c2a96513d09d-s.p.0y3u1avoqeg5a.woff2 was preloaded using link preload but not used within a few seconds from the window's load event. Please make sure it has an appropriate `as` value and it is preloaded intentionally. @ http://localhost:3000/:0
[  140761ms] [WARNING] The resource http://localhost:3000/_next/static/media/e8f2fbee2754df70-s.p.0fzkl03jw-sdz.woff2 was preloaded using link preload but not used within a few seconds from the window's load event. Please make sure it has an appropriate `as` value and it is preloaded intentionally. @ http://localhost:3000/:0
[  140761ms] [WARNING] The resource http://localhost:3000/_next/static/media/7eb3e55498b0083f-s.p.0fg4_v6zl1l1j.woff2 was preloaded using link preload but not used within a few seconds from the window's load event. Please make sure it has an appropriate `as` value and it is preloaded intentionally. @ http://localhost:3000/:0
[  141001ms] [LOG] [Fast Refresh] rebuilding @ http://localhost:3000/_next/static/chunks/node_modules_next_dist_115brz8._.js:2431
[  141023ms] [LOG] [Fast Refresh] done in 57ms @ http://localhost:3000/_next/static/chunks/node_modules_next_dist_115brz8._.js:2431
[  144075ms] [LOG] [Fast Refresh] rebuilding @ http://localhost:3000/_next/static/chunks/node_modules_next_dist_115brz8._.js:2431
[  144102ms] [LOG] [Fast Refresh] done in 40ms @ http://localhost:3000/_next/static/chunks/node_modules_next_dist_115brz8._.js:2431
[  147178ms] [LOG] [Fast Refresh] rebuilding @ http://localhost:3000/_next/static/chunks/node_modules_next_dist_115brz8._.js:2431
[  147204ms] [LOG] [Fast Refresh] done in 35ms @ http://localhost:3000/_next/static/chunks/node_modules_next_dist_115brz8._.js:2431
